while true; do
  kubectl top pod beekeeper-api-5b46b4b6bd-65r8b -n beekeeper
  sleep 5
done

NAME                             CPU(cores)   MEMORY(bytes)   
beekeeper-api-5b46b4b6bd-65r8b   782m         26Mi            
NAME                             CPU(cores)   MEMORY(bytes)   
beekeeper-api-5b46b4b6bd-65r8b   782m         26Mi            
NAME                             CPU(cores)   MEMORY(bytes)   
beekeeper-api-5b46b4b6bd-65r8b   782m         26Mi            
NAME                             CPU(cores)   MEMORY(bytes)   
beekeeper-api-5b46b4b6bd-65r8b   963m         4Mi             
NAME                             CPU(cores)   MEMORY(bytes)   
beekeeper-api-5b46b4b6bd-65r8b   963m         4Mi             
NAME                             CPU(cores)   MEMORY(bytes)   
beekeeper-api-5b46b4b6bd-65r8b   942m         5Mi             
NAME                             CPU(cores)   MEMORY(bytes)   
beekeeper-api-5b46b4b6bd-65r8b   942m         5Mi             
NAME                             CPU(cores)   MEMORY(bytes)   
beekeeper-api-5b46b4b6bd-65r8b   942m         5Mi             
NAME                             CPU(cores)   MEMORY(bytes)   
beekeeper-api-5b46b4b6bd-65r8b   942m         5Mi             
NAME                             CPU(cores)   MEMORY(bytes)   
beekeeper-api-5b46b4b6bd-65r8b   942m         5Mi             
NAME                             CPU(cores)   MEMORY(bytes)   
beekeeper-api-5b46b4b6bd-65r8b   942m         5Mi             
NAME                             CPU(cores)   MEMORY(bytes)   
beekeeper-api-5b46b4b6bd-65r8b   927m         11Mi            
NAME                             CPU(cores)   MEMORY(bytes)   
beekeeper-api-5b46b4b6bd-65r8b   927m         11Mi            
NAME                             CPU(cores)   MEMORY(bytes)   
beekeeper-api-5b46b4b6bd-65r8b   927m         11Mi            
NAME                             CPU(cores)   MEMORY(bytes)   
beekeeper-api-5b46b4b6bd-65r8b   1027m        12Mi            
NAME                             CPU(cores)   MEMORY(bytes)   
beekeeper-api-5b46b4b6bd-65r8b   1027m        12Mi            
NAME                             CPU(cores)   MEMORY(bytes)   
beekeeper-api-5b46b4b6bd-65r8b   319m         60Mi            
NAME                             CPU(cores)   MEMORY(bytes)   
beekeeper-api-5b46b4b6bd-65r8b   319m         60Mi            
NAME                             CPU(cores)   MEMORY(bytes)   
beekeeper-api-5b46b4b6bd-65r8b   319m         60Mi            
NAME                             CPU(cores)   MEMORY(bytes)   
beekeeper-api-5b46b4b6bd-65r8b   758m         70Mi            
NAME                             CPU(cores)   MEMORY(bytes)   
beekeeper-api-5b46b4b6bd-65r8b   758m         70Mi            
NAME                             CPU(cores)   MEMORY(bytes)   
beekeeper-api-5b46b4b6bd-65r8b   758m         70Mi            
NAME                             CPU(cores)   MEMORY(bytes)   
beekeeper-api-5b46b4b6bd-65r8b   1487m        79Mi            
NAME                             CPU(cores)   MEMORY(bytes)   
beekeeper-api-5b46b4b6bd-65r8b   1487m        79Mi            
NAME                             CPU(cores)   MEMORY(bytes)   
beekeeper-api-5b46b4b6bd-65r8b   1487m        79Mi            
NAME                             CPU(cores)   MEMORY(bytes)   
beekeeper-api-5b46b4b6bd-65r8b   1053m        89Mi            
NAME                             CPU(cores)   MEMORY(bytes)   
beekeeper-api-5b46b4b6bd-65r8b   1053m        89Mi            
NAME                             CPU(cores)   MEMORY(bytes)   
beekeeper-api-5b46b4b6bd-65r8b   1076m        85Mi            
NAME                             CPU(cores)   MEMORY(bytes)   
beekeeper-api-5b46b4b6bd-65r8b   1076m        85Mi            
NAME                             CPU(cores)   MEMORY(bytes)   
beekeeper-api-5b46b4b6bd-65r8b   1076m        85Mi            
NAME                             CPU(cores)   MEMORY(bytes)   
beekeeper-api-5b46b4b6bd-65r8b   1251m        125Mi           
NAME                             CPU(cores)   MEMORY(bytes)   
beekeeper-api-5b46b4b6bd-65r8b   1251m        125Mi           
NAME                             CPU(cores)   MEMORY(bytes)   
beekeeper-api-5b46b4b6bd-65r8b   1251m        125Mi           
NAME                             CPU(cores)   MEMORY(bytes)   
beekeeper-api-5b46b4b6bd-65r8b   1313m        123Mi           
NAME                             CPU(cores)   MEMORY(bytes)   
beekeeper-api-5b46b4b6bd-65r8b   1313m        123Mi           
NAME                             CPU(cores)   MEMORY(bytes)   
beekeeper-api-5b46b4b6bd-65r8b   1313m        123Mi           
NAME                             CPU(cores)   MEMORY(bytes)   
beekeeper-api-5b46b4b6bd-65r8b   155m         98Mi            
NAME                             CPU(cores)   MEMORY(bytes)   
beekeeper-api-5b46b4b6bd-65r8b   155m         98Mi            
NAME                             CPU(cores)   MEMORY(bytes)   
beekeeper-api-5b46b4b6bd-65r8b   79m          112Mi           
NAME                             CPU(cores)   MEMORY(bytes)   
beekeeper-api-5b46b4b6bd-65r8b   79m          112Mi           
NAME                             CPU(cores)   MEMORY(bytes)   
beekeeper-api-5b46b4b6bd-65r8b   79m          112Mi           
NAME                             CPU(cores)   MEMORY(bytes)   
beekeeper-api-5b46b4b6bd-65r8b   360m         130Mi           
NAME                             CPU(cores)   MEMORY(bytes)   
beekeeper-api-5b46b4b6bd-65r8b   360m         130Mi           
NAME                             CPU(cores)   MEMORY(bytes)   
beekeeper-api-5b46b4b6bd-65r8b   360m         130Mi           
NAME                             CPU(cores)   MEMORY(bytes)   
beekeeper-api-5b46b4b6bd-65r8b   1462m        133Mi           
NAME                             CPU(cores)   MEMORY(bytes)   
beekeeper-api-5b46b4b6bd-65r8b   1462m        133Mi           
NAME                             CPU(cores)   MEMORY(bytes)   
beekeeper-api-5b46b4b6bd-65r8b   1462m        133Mi           
NAME                             CPU(cores)   MEMORY(bytes)   
beekeeper-api-5b46b4b6bd-65r8b   1048m        147Mi           
NAME                             CPU(cores)   MEMORY(bytes)   
beekeeper-api-5b46b4b6bd-65r8b   1048m        147Mi           
NAME                             CPU(cores)   MEMORY(bytes)   
beekeeper-api-5b46b4b6bd-65r8b   1020m        150Mi           
NAME                             CPU(cores)   MEMORY(bytes)   
beekeeper-api-5b46b4b6bd-65r8b   1020m        150Mi           
NAME                             CPU(cores)   MEMORY(bytes)   
beekeeper-api-5b46b4b6bd-65r8b   1020m        150Mi           
NAME                             CPU(cores)   MEMORY(bytes)   
beekeeper-api-5b46b4b6bd-65r8b   1221m        177Mi           
NAME                             CPU(cores)   MEMORY(bytes)   
beekeeper-api-5b46b4b6bd-65r8b   1221m        177Mi           
NAME                             CPU(cores)   MEMORY(bytes)   
beekeeper-api-5b46b4b6bd-65r8b   1221m        177Mi           
NAME                             CPU(cores)   MEMORY(bytes)   
beekeeper-api-5b46b4b6bd-65r8b   1221m        177Mi           
NAME                             CPU(cores)   MEMORY(bytes)   
beekeeper-api-5b46b4b6bd-65r8b   1221m        177Mi           
NAME                             CPU(cores)   MEMORY(bytes)   
beekeeper-api-5b46b4b6bd-65r8b   1221m        177Mi           
NAME                             CPU(cores)   MEMORY(bytes)   
beekeeper-api-5b46b4b6bd-65r8b   946m         163Mi           
NAME                             CPU(cores)   MEMORY(bytes)   
beekeeper-api-5b46b4b6bd-65r8b   946m         163Mi           
NAME                             CPU(cores)   MEMORY(bytes)   
beekeeper-api-5b46b4b6bd-65r8b   946m         163Mi           
NAME                             CPU(cores)   MEMORY(bytes)   
beekeeper-api-5b46b4b6bd-65r8b   79m          160Mi           
NAME                             CPU(cores)   MEMORY(bytes)   
beekeeper-api-5b46b4b6bd-65r8b   79m          160Mi           
NAME                             CPU(cores)   MEMORY(bytes)   
beekeeper-api-5b46b4b6bd-65r8b   124m         168Mi           
NAME                             CPU(cores)   MEMORY(bytes)   
beekeeper-api-5b46b4b6bd-65r8b   124m         168Mi           
NAME                             CPU(cores)   MEMORY(bytes)   
beekeeper-api-5b46b4b6bd-65r8b   124m         168Mi           
NAME                             CPU(cores)   MEMORY(bytes)   
beekeeper-api-5b46b4b6bd-65r8b   1448m        209Mi           
NAME                             CPU(cores)   MEMORY(bytes)   
beekeeper-api-5b46b4b6bd-65r8b   1448m        209Mi           
NAME                             CPU(cores)   MEMORY(bytes)   
beekeeper-api-5b46b4b6bd-65r8b   1448m        209Mi           
NAME                             CPU(cores)   MEMORY(bytes)   
beekeeper-api-5b46b4b6bd-65r8b   1033m        195Mi           
NAME                             CPU(cores)   MEMORY(bytes)   
beekeeper-api-5b46b4b6bd-65r8b   1033m        195Mi           
NAME                             CPU(cores)   MEMORY(bytes)   
beekeeper-api-5b46b4b6bd-65r8b   1033m        195Mi           
NAME                             CPU(cores)   MEMORY(bytes)   
beekeeper-api-5b46b4b6bd-65r8b   1009m        191Mi           
NAME                             CPU(cores)   MEMORY(bytes)   
beekeeper-api-5b46b4b6bd-65r8b   1009m        191Mi           
NAME                             CPU(cores)   MEMORY(bytes)   
beekeeper-api-5b46b4b6bd-65r8b   1120m        229Mi           
NAME                             CPU(cores)   MEMORY(bytes)   
beekeeper-api-5b46b4b6bd-65r8b   1120m        229Mi           
NAME                             CPU(cores)   MEMORY(bytes)   
beekeeper-api-5b46b4b6bd-65r8b   1120m        229Mi           
NAME                             CPU(cores)   MEMORY(bytes)   
beekeeper-api-5b46b4b6bd-65r8b   1249m        235Mi           
NAME                             CPU(cores)   MEMORY(bytes)   
beekeeper-api-5b46b4b6bd-65r8b   1249m        235Mi           
NAME                             CPU(cores)   MEMORY(bytes)   
beekeeper-api-5b46b4b6bd-65r8b   1249m        235Mi           
NAME                             CPU(cores)   MEMORY(bytes)   
beekeeper-api-5b46b4b6bd-65r8b   1180m        233Mi           
NAME                             CPU(cores)   MEMORY(bytes)   
beekeeper-api-5b46b4b6bd-65r8b   1180m        233Mi           
NAME                             CPU(cores)   MEMORY(bytes)   
beekeeper-api-5b46b4b6bd-65r8b   1180m        233Mi           
NAME                             CPU(cores)   MEMORY(bytes)   
beekeeper-api-5b46b4b6bd-65r8b   183m         214Mi           
NAME                             CPU(cores)   MEMORY(bytes)   
beekeeper-api-5b46b4b6bd-65r8b   183m         214Mi           
NAME                             CPU(cores)   MEMORY(bytes)   
beekeeper-api-5b46b4b6bd-65r8b   632m         229Mi           
NAME                             CPU(cores)   MEMORY(bytes)   
beekeeper-api-5b46b4b6bd-65r8b   632m         229Mi           
NAME                             CPU(cores)   MEMORY(bytes)   
beekeeper-api-5b46b4b6bd-65r8b   632m         229Mi           
NAME                             CPU(cores)   MEMORY(bytes)   
beekeeper-api-5b46b4b6bd-65r8b   1349m        265Mi           
NAME                             CPU(cores)   MEMORY(bytes)   
beekeeper-api-5b46b4b6bd-65r8b   1349m        265Mi           
NAME                             CPU(cores)   MEMORY(bytes)   
beekeeper-api-5b46b4b6bd-65r8b   1349m        265Mi           
NAME                             CPU(cores)   MEMORY(bytes)   
beekeeper-api-5b46b4b6bd-65r8b   1062m        264Mi           
NAME                             CPU(cores)   MEMORY(bytes)   
beekeeper-api-5b46b4b6bd-65r8b   1062m        264Mi           
NAME                             CPU(cores)   MEMORY(bytes)   
beekeeper-api-5b46b4b6bd-65r8b   1062m        264Mi           
NAME                             CPU(cores)   MEMORY(bytes)   
beekeeper-api-5b46b4b6bd-65r8b   947m         200Mi           
NAME                             CPU(cores)   MEMORY(bytes)   
beekeeper-api-5b46b4b6bd-65r8b   947m         200Mi           
NAME                             CPU(cores)   MEMORY(bytes)   
beekeeper-api-5b46b4b6bd-65r8b   1061m        245Mi           
NAME                             CPU(cores)   MEMORY(bytes)   
beekeeper-api-5b46b4b6bd-65r8b   1061m        245Mi           
NAME                             CPU(cores)   MEMORY(bytes)   
beekeeper-api-5b46b4b6bd-65r8b   1061m        245Mi           
NAME                             CPU(cores)   MEMORY(bytes)   
beekeeper-api-5b46b4b6bd-65r8b   1308m        227Mi           
NAME                             CPU(cores)   MEMORY(bytes)   
beekeeper-api-5b46b4b6bd-65r8b   1308m        227Mi           
NAME                             CPU(cores)   MEMORY(bytes)   
beekeeper-api-5b46b4b6bd-65r8b   1308m        227Mi           
NAME                             CPU(cores)   MEMORY(bytes)   
beekeeper-api-5b46b4b6bd-65r8b   1011m        227Mi           
NAME                             CPU(cores)   MEMORY(bytes)   
beekeeper-api-5b46b4b6bd-65r8b   1011m        227Mi           
NAME                             CPU(cores)   MEMORY(bytes)   
beekeeper-api-5b46b4b6bd-65r8b   331m         229Mi           
NAME                             CPU(cores)   MEMORY(bytes)   
beekeeper-api-5b46b4b6bd-65r8b   331m         229Mi           
NAME                             CPU(cores)   MEMORY(bytes)   
beekeeper-api-5b46b4b6bd-65r8b   331m         229Mi           
NAME                             CPU(cores)   MEMORY(bytes)   
beekeeper-api-5b46b4b6bd-65r8b   600m         234Mi           
NAME                             CPU(cores)   MEMORY(bytes)   
beekeeper-api-5b46b4b6bd-65r8b   600m         234Mi           
NAME                             CPU(cores)   MEMORY(bytes)   
beekeeper-api-5b46b4b6bd-65r8b   600m         234Mi           
NAME                             CPU(cores)   MEMORY(bytes)   
beekeeper-api-5b46b4b6bd-65r8b   600m         234Mi           
NAME                             CPU(cores)   MEMORY(bytes)   
beekeeper-api-5b46b4b6bd-65r8b   600m         234Mi           
NAME                             CPU(cores)   MEMORY(bytes)   
beekeeper-api-5b46b4b6bd-65r8b   600m         234Mi           
NAME                             CPU(cores)   MEMORY(bytes)   
beekeeper-api-5b46b4b6bd-65r8b   1171m        266Mi           
NAME                             CPU(cores)   MEMORY(bytes)   
beekeeper-api-5b46b4b6bd-65r8b   1171m        266Mi           
NAME                             CPU(cores)   MEMORY(bytes)   
beekeeper-api-5b46b4b6bd-65r8b   855m         275Mi           
NAME                             CPU(cores)   MEMORY(bytes)   
beekeeper-api-5b46b4b6bd-65r8b   855m         275Mi           
NAME                             CPU(cores)   MEMORY(bytes)   
beekeeper-api-5b46b4b6bd-65r8b   855m         275Mi           
NAME                             CPU(cores)   MEMORY(bytes)   
beekeeper-api-5b46b4b6bd-65r8b   962m         256Mi           
NAME                             CPU(cores)   MEMORY(bytes)   
beekeeper-api-5b46b4b6bd-65r8b   962m         256Mi           
NAME                             CPU(cores)   MEMORY(bytes)   
beekeeper-api-5b46b4b6bd-65r8b   962m         256Mi           
NAME                             CPU(cores)   MEMORY(bytes)   
beekeeper-api-5b46b4b6bd-65r8b   1166m        277Mi           
NAME                             CPU(cores)   MEMORY(bytes)   
beekeeper-api-5b46b4b6bd-65r8b   1166m        277Mi           
NAME                             CPU(cores)   MEMORY(bytes)   
beekeeper-api-5b46b4b6bd-65r8b   1166m        277Mi           
NAME                             CPU(cores)   MEMORY(bytes)   
beekeeper-api-5b46b4b6bd-65r8b   986m         308Mi           
NAME                             CPU(cores)   MEMORY(bytes)   
beekeeper-api-5b46b4b6bd-65r8b   986m         308Mi           
NAME                             CPU(cores)   MEMORY(bytes)   
beekeeper-api-5b46b4b6bd-65r8b   215m         293Mi           
NAME                             CPU(cores)   MEMORY(bytes)   
beekeeper-api-5b46b4b6bd-65r8b   215m         293Mi           
NAME                             CPU(cores)   MEMORY(bytes)   
beekeeper-api-5b46b4b6bd-65r8b   215m         293Mi           
NAME                             CPU(cores)   MEMORY(bytes)   
beekeeper-api-5b46b4b6bd-65r8b   238m         393Mi           
NAME                             CPU(cores)   MEMORY(bytes)   
beekeeper-api-5b46b4b6bd-65r8b   238m         393Mi           
NAME                             CPU(cores)   MEMORY(bytes)   
beekeeper-api-5b46b4b6bd-65r8b   238m         393Mi           
NAME                             CPU(cores)   MEMORY(bytes)   
beekeeper-api-5b46b4b6bd-65r8b   1145m        406Mi           
NAME                             CPU(cores)   MEMORY(bytes)   
beekeeper-api-5b46b4b6bd-65r8b   1145m        406Mi           
NAME                             CPU(cores)   MEMORY(bytes)   
beekeeper-api-5b46b4b6bd-65r8b   1145m        406Mi           
NAME                             CPU(cores)   MEMORY(bytes)   
beekeeper-api-5b46b4b6bd-65r8b   1162m        274Mi           
NAME                             CPU(cores)   MEMORY(bytes)   
beekeeper-api-5b46b4b6bd-65r8b   1162m        274Mi           
NAME                             CPU(cores)   MEMORY(bytes)   
beekeeper-api-5b46b4b6bd-65r8b   892m         286Mi           
NAME                             CPU(cores)   MEMORY(bytes)   
beekeeper-api-5b46b4b6bd-65r8b   892m         286Mi           
NAME                             CPU(cores)   MEMORY(bytes)   
beekeeper-api-5b46b4b6bd-65r8b   892m         286Mi           
NAME                             CPU(cores)   MEMORY(bytes)   
beekeeper-api-5b46b4b6bd-65r8b   893m         303Mi           
NAME                             CPU(cores)   MEMORY(bytes)   
beekeeper-api-5b46b4b6bd-65r8b   893m         303Mi           
NAME                             CPU(cores)   MEMORY(bytes)   
beekeeper-api-5b46b4b6bd-65r8b   893m         303Mi           
NAME                             CPU(cores)   MEMORY(bytes)   
beekeeper-api-5b46b4b6bd-65r8b   1262m        299Mi           
NAME                             CPU(cores)   MEMORY(bytes)   
beekeeper-api-5b46b4b6bd-65r8b   1262m        299Mi           
NAME                             CPU(cores)   MEMORY(bytes)   
beekeeper-api-5b46b4b6bd-65r8b   1262m        299Mi           
NAME                             CPU(cores)   MEMORY(bytes)   
beekeeper-api-5b46b4b6bd-65r8b   864m         324Mi           
NAME                             CPU(cores)   MEMORY(bytes)   
beekeeper-api-5b46b4b6bd-65r8b   864m         324Mi           
NAME                             CPU(cores)   MEMORY(bytes)   
beekeeper-api-5b46b4b6bd-65r8b   396m         307Mi           
NAME                             CPU(cores)   MEMORY(bytes)   
beekeeper-api-5b46b4b6bd-65r8b   396m         307Mi           
NAME                             CPU(cores)   MEMORY(bytes)   
beekeeper-api-5b46b4b6bd-65r8b   396m         307Mi           
NAME                             CPU(cores)   MEMORY(bytes)   
beekeeper-api-5b46b4b6bd-65r8b   758m         333Mi           
NAME                             CPU(cores)   MEMORY(bytes)   
beekeeper-api-5b46b4b6bd-65r8b   758m         333Mi           
NAME                             CPU(cores)   MEMORY(bytes)   
beekeeper-api-5b46b4b6bd-65r8b   758m         333Mi           
NAME                             CPU(cores)   MEMORY(bytes)   
beekeeper-api-5b46b4b6bd-65r8b   1248m        350Mi           
NAME                             CPU(cores)   MEMORY(bytes)   
beekeeper-api-5b46b4b6bd-65r8b   1248m        350Mi           
NAME                             CPU(cores)   MEMORY(bytes)   
beekeeper-api-5b46b4b6bd-65r8b   1039m        313Mi           
NAME                             CPU(cores)   MEMORY(bytes)   
beekeeper-api-5b46b4b6bd-65r8b   1039m        313Mi           
NAME                             CPU(cores)   MEMORY(bytes)   
beekeeper-api-5b46b4b6bd-65r8b   1039m        313Mi           
NAME                             CPU(cores)   MEMORY(bytes)   
beekeeper-api-5b46b4b6bd-65r8b   850m         349Mi           
NAME                             CPU(cores)   MEMORY(bytes)   
beekeeper-api-5b46b4b6bd-65r8b   850m         349Mi           
NAME                             CPU(cores)   MEMORY(bytes)   
beekeeper-api-5b46b4b6bd-65r8b   850m         349Mi           
NAME                             CPU(cores)   MEMORY(bytes)   
beekeeper-api-5b46b4b6bd-65r8b   956m         356Mi           
NAME                             CPU(cores)   MEMORY(bytes)   
beekeeper-api-5b46b4b6bd-65r8b   956m         356Mi           
NAME                             CPU(cores)   MEMORY(bytes)   
beekeeper-api-5b46b4b6bd-65r8b   956m         356Mi           
NAME                             CPU(cores)   MEMORY(bytes)   
beekeeper-api-5b46b4b6bd-65r8b   1195m        334Mi           
NAME                             CPU(cores)   MEMORY(bytes)   
beekeeper-api-5b46b4b6bd-65r8b   1195m        334Mi           
NAME                             CPU(cores)   MEMORY(bytes)   
beekeeper-api-5b46b4b6bd-65r8b   827m         351Mi           
NAME                             CPU(cores)   MEMORY(bytes)   
beekeeper-api-5b46b4b6bd-65r8b   827m         351Mi           
NAME                             CPU(cores)   MEMORY(bytes)   
beekeeper-api-5b46b4b6bd-65r8b   827m         351Mi           
NAME                             CPU(cores)   MEMORY(bytes)   
beekeeper-api-5b46b4b6bd-65r8b   237m         333Mi           
NAME                             CPU(cores)   MEMORY(bytes)   
beekeeper-api-5b46b4b6bd-65r8b   237m         333Mi           
NAME                             CPU(cores)   MEMORY(bytes)   
beekeeper-api-5b46b4b6bd-65r8b   237m         333Mi           
NAME                             CPU(cores)   MEMORY(bytes)   
beekeeper-api-5b46b4b6bd-65r8b   610m         355Mi           
NAME                             CPU(cores)   MEMORY(bytes)   
beekeeper-api-5b46b4b6bd-65r8b   610m         355Mi           
NAME                             CPU(cores)   MEMORY(bytes)   
beekeeper-api-5b46b4b6bd-65r8b   610m         355Mi           
NAME                             CPU(cores)   MEMORY(bytes)   
beekeeper-api-5b46b4b6bd-65r8b   1079m        368Mi           
NAME                             CPU(cores)   MEMORY(bytes)   
beekeeper-api-5b46b4b6bd-65r8b   1079m        368Mi           
NAME                             CPU(cores)   MEMORY(bytes)   
beekeeper-api-5b46b4b6bd-65r8b   1160m        358Mi           
NAME                             CPU(cores)   MEMORY(bytes)   
beekeeper-api-5b46b4b6bd-65r8b   1160m        358Mi           
NAME                             CPU(cores)   MEMORY(bytes)   
beekeeper-api-5b46b4b6bd-65r8b   1160m        358Mi           
NAME                             CPU(cores)   MEMORY(bytes)   
beekeeper-api-5b46b4b6bd-65r8b   917m         359Mi           
NAME                             CPU(cores)   MEMORY(bytes)   
beekeeper-api-5b46b4b6bd-65r8b   917m         359Mi           
NAME                             CPU(cores)   MEMORY(bytes)   
beekeeper-api-5b46b4b6bd-65r8b   917m         359Mi           
NAME                             CPU(cores)   MEMORY(bytes)   
beekeeper-api-5b46b4b6bd-65r8b   864m         360Mi           
NAME                             CPU(cores)   MEMORY(bytes)   
beekeeper-api-5b46b4b6bd-65r8b   864m         360Mi           
NAME                             CPU(cores)   MEMORY(bytes)   
beekeeper-api-5b46b4b6bd-65r8b   864m         360Mi           
NAME                             CPU(cores)   MEMORY(bytes)   
beekeeper-api-5b46b4b6bd-65r8b   1226m        380Mi           
NAME                             CPU(cores)   MEMORY(bytes)   
beekeeper-api-5b46b4b6bd-65r8b   1226m        380Mi           
NAME                             CPU(cores)   MEMORY(bytes)   
beekeeper-api-5b46b4b6bd-65r8b   1125m        460Mi           
NAME                             CPU(cores)   MEMORY(bytes)   
beekeeper-api-5b46b4b6bd-65r8b   1125m        460Mi           
NAME                             CPU(cores)   MEMORY(bytes)   
beekeeper-api-5b46b4b6bd-65r8b   1125m        460Mi           
NAME                             CPU(cores)   MEMORY(bytes)   
beekeeper-api-5b46b4b6bd-65r8b   935m         331Mi           
NAME                             CPU(cores)   MEMORY(bytes)   
beekeeper-api-5b46b4b6bd-65r8b   935m         331Mi           
NAME                             CPU(cores)   MEMORY(bytes)   
beekeeper-api-5b46b4b6bd-65r8b   935m         331Mi           
NAME                             CPU(cores)   MEMORY(bytes)   
beekeeper-api-5b46b4b6bd-65r8b   600m         347Mi           
NAME                             CPU(cores)   MEMORY(bytes)   
beekeeper-api-5b46b4b6bd-65r8b   600m         347Mi           
NAME                             CPU(cores)   MEMORY(bytes)   
beekeeper-api-5b46b4b6bd-65r8b   600m         347Mi           
NAME                             CPU(cores)   MEMORY(bytes)   
beekeeper-api-5b46b4b6bd-65r8b   597m         353Mi           
NAME                             CPU(cores)   MEMORY(bytes)   
beekeeper-api-5b46b4b6bd-65r8b   597m         353Mi           
NAME                             CPU(cores)   MEMORY(bytes)   
beekeeper-api-5b46b4b6bd-65r8b   45m          363Mi           
NAME                             CPU(cores)   MEMORY(bytes)   
beekeeper-api-5b46b4b6bd-65r8b   45m          363Mi           
NAME                             CPU(cores)   MEMORY(bytes)   
beekeeper-api-5b46b4b6bd-65r8b   45m          363Mi           
NAME                             CPU(cores)   MEMORY(bytes)   
beekeeper-api-5b46b4b6bd-65r8b   183m         348Mi           
NAME                             CPU(cores)   MEMORY(bytes)   
beekeeper-api-5b46b4b6bd-65r8b   183m         348Mi           
NAME                             CPU(cores)   MEMORY(bytes)   
beekeeper-api-5b46b4b6bd-65r8b   183m         348Mi           
NAME                             CPU(cores)   MEMORY(bytes)   
beekeeper-api-5b46b4b6bd-65r8b   397m         416Mi           
NAME                             CPU(cores)   MEMORY(bytes)   
beekeeper-api-5b46b4b6bd-65r8b   397m         416Mi           
NAME                             CPU(cores)   MEMORY(bytes)   
beekeeper-api-5b46b4b6bd-65r8b   397m         416Mi           
NAME                             CPU(cores)   MEMORY(bytes)   
beekeeper-api-5b46b4b6bd-65r8b   1162m        384Mi           
NAME                             CPU(cores)   MEMORY(bytes)   
beekeeper-api-5b46b4b6bd-65r8b   1162m        384Mi           
NAME                             CPU(cores)   MEMORY(bytes)   
beekeeper-api-5b46b4b6bd-65r8b   1027m        391Mi           
NAME                             CPU(cores)   MEMORY(bytes)   
beekeeper-api-5b46b4b6bd-65r8b   1027m        391Mi           
NAME                             CPU(cores)   MEMORY(bytes)   
beekeeper-api-5b46b4b6bd-65r8b   1027m        391Mi           
NAME                             CPU(cores)   MEMORY(bytes)   
beekeeper-api-5b46b4b6bd-65r8b   838m         504Mi           
NAME                             CPU(cores)   MEMORY(bytes)   
beekeeper-api-5b46b4b6bd-65r8b   838m         504Mi           
NAME                             CPU(cores)   MEMORY(bytes)   
beekeeper-api-5b46b4b6bd-65r8b   838m         504Mi           
NAME                             CPU(cores)   MEMORY(bytes)   
beekeeper-api-5b46b4b6bd-65r8b   1021m        373Mi           
NAME                             CPU(cores)   MEMORY(bytes)   
beekeeper-api-5b46b4b6bd-65r8b   1021m        373Mi           
NAME                             CPU(cores)   MEMORY(bytes)   
beekeeper-api-5b46b4b6bd-65r8b   1021m        373Mi           
NAME                             CPU(cores)   MEMORY(bytes)   
beekeeper-api-5b46b4b6bd-65r8b   1209m        390Mi           
NAME                             CPU(cores)   MEMORY(bytes)   
beekeeper-api-5b46b4b6bd-65r8b   1209m        390Mi           
NAME                             CPU(cores)   MEMORY(bytes)   
beekeeper-api-5b46b4b6bd-65r8b   981m         396Mi           
NAME                             CPU(cores)   MEMORY(bytes)   
beekeeper-api-5b46b4b6bd-65r8b   981m         396Mi           
NAME                             CPU(cores)   MEMORY(bytes)   
beekeeper-api-5b46b4b6bd-65r8b   981m         396Mi           
NAME                             CPU(cores)   MEMORY(bytes)   
beekeeper-api-5b46b4b6bd-65r8b   838m         380Mi           
NAME                             CPU(cores)   MEMORY(bytes)   
beekeeper-api-5b46b4b6bd-65r8b   838m         380Mi           
NAME                             CPU(cores)   MEMORY(bytes)   
beekeeper-api-5b46b4b6bd-65r8b   838m         380Mi           
NAME                             CPU(cores)   MEMORY(bytes)   
beekeeper-api-5b46b4b6bd-65r8b   463m         393Mi           
NAME                             CPU(cores)   MEMORY(bytes)   
beekeeper-api-5b46b4b6bd-65r8b   463m         393Mi           
NAME                             CPU(cores)   MEMORY(bytes)   
beekeeper-api-5b46b4b6bd-65r8b   654m         380Mi           
NAME                             CPU(cores)   MEMORY(bytes)   
beekeeper-api-5b46b4b6bd-65r8b   654m         380Mi           
NAME                             CPU(cores)   MEMORY(bytes)   
beekeeper-api-5b46b4b6bd-65r8b   654m         380Mi           
NAME                             CPU(cores)   MEMORY(bytes)   
beekeeper-api-5b46b4b6bd-65r8b   654m         380Mi           
NAME                             CPU(cores)   MEMORY(bytes)   
beekeeper-api-5b46b4b6bd-65r8b   654m         380Mi           
NAME                             CPU(cores)   MEMORY(bytes)   
beekeeper-api-5b46b4b6bd-65r8b   654m         380Mi           
NAME                             CPU(cores)   MEMORY(bytes)   
beekeeper-api-5b46b4b6bd-65r8b   67m          414Mi           
NAME                             CPU(cores)   MEMORY(bytes)   
beekeeper-api-5b46b4b6bd-65r8b   67m          414Mi           
NAME                             CPU(cores)   MEMORY(bytes)   
beekeeper-api-5b46b4b6bd-65r8b   67m          414Mi           
NAME                             CPU(cores)   MEMORY(bytes)   
beekeeper-api-5b46b4b6bd-65r8b   67m          414Mi           
NAME                             CPU(cores)   MEMORY(bytes)   
beekeeper-api-5b46b4b6bd-65r8b   67m          414Mi           
NAME                             CPU(cores)   MEMORY(bytes)   
beekeeper-api-5b46b4b6bd-65r8b   1009m        461Mi           
NAME                             CPU(cores)   MEMORY(bytes)   
beekeeper-api-5b46b4b6bd-65r8b   1009m        461Mi           
NAME                             CPU(cores)   MEMORY(bytes)   
beekeeper-api-5b46b4b6bd-65r8b   1009m        461Mi           
NAME                             CPU(cores)   MEMORY(bytes)   
beekeeper-api-5b46b4b6bd-65r8b   1083m        534Mi           
NAME                             CPU(cores)   MEMORY(bytes)   
beekeeper-api-5b46b4b6bd-65r8b   1083m        534Mi           
NAME                             CPU(cores)   MEMORY(bytes)   
beekeeper-api-5b46b4b6bd-65r8b   1083m        534Mi           
NAME                             CPU(cores)   MEMORY(bytes)   
beekeeper-api-5b46b4b6bd-65r8b   985m         427Mi           
NAME                             CPU(cores)   MEMORY(bytes)   
beekeeper-api-5b46b4b6bd-65r8b   985m         427Mi           
NAME                             CPU(cores)   MEMORY(bytes)   
beekeeper-api-5b46b4b6bd-65r8b   985m         427Mi           
NAME                             CPU(cores)   MEMORY(bytes)   
beekeeper-api-5b46b4b6bd-65r8b   901m         408Mi           
NAME                             CPU(cores)   MEMORY(bytes)   
beekeeper-api-5b46b4b6bd-65r8b   901m         408Mi           
NAME                             CPU(cores)   MEMORY(bytes)   
beekeeper-api-5b46b4b6bd-65r8b   1142m        430Mi           
NAME                             CPU(cores)   MEMORY(bytes)   
beekeeper-api-5b46b4b6bd-65r8b   1142m        430Mi           
NAME                             CPU(cores)   MEMORY(bytes)   
beekeeper-api-5b46b4b6bd-65r8b   1142m        430Mi           
NAME                             CPU(cores)   MEMORY(bytes)   
beekeeper-api-5b46b4b6bd-65r8b   968m         431Mi           
NAME                             CPU(cores)   MEMORY(bytes)   
beekeeper-api-5b46b4b6bd-65r8b   968m         431Mi           
NAME                             CPU(cores)   MEMORY(bytes)   
beekeeper-api-5b46b4b6bd-65r8b   968m         431Mi           
NAME                             CPU(cores)   MEMORY(bytes)   
beekeeper-api-5b46b4b6bd-65r8b   764m         445Mi           
NAME                             CPU(cores)   MEMORY(bytes)   
beekeeper-api-5b46b4b6bd-65r8b   764m         445Mi           
NAME                             CPU(cores)   MEMORY(bytes)   
beekeeper-api-5b46b4b6bd-65r8b   764m         445Mi           
NAME                             CPU(cores)   MEMORY(bytes)   
beekeeper-api-5b46b4b6bd-65r8b   809m         452Mi           
NAME                             CPU(cores)   MEMORY(bytes)   
beekeeper-api-5b46b4b6bd-65r8b   809m         452Mi           
NAME                             CPU(cores)   MEMORY(bytes)   
beekeeper-api-5b46b4b6bd-65r8b   1146m        477Mi           
NAME                             CPU(cores)   MEMORY(bytes)   
beekeeper-api-5b46b4b6bd-65r8b   1146m        477Mi           
NAME                             CPU(cores)   MEMORY(bytes)   
beekeeper-api-5b46b4b6bd-65r8b   1146m        477Mi           
NAME                             CPU(cores)   MEMORY(bytes)   
beekeeper-api-5b46b4b6bd-65r8b   859m         471Mi           
NAME                             CPU(cores)   MEMORY(bytes)   
beekeeper-api-5b46b4b6bd-65r8b   859m         471Mi           
NAME                             CPU(cores)   MEMORY(bytes)   
beekeeper-api-5b46b4b6bd-65r8b   859m         471Mi           
NAME                             CPU(cores)   MEMORY(bytes)   
beekeeper-api-5b46b4b6bd-65r8b   817m         505Mi           
NAME                             CPU(cores)   MEMORY(bytes)   
beekeeper-api-5b46b4b6bd-65r8b   817m         505Mi           
NAME                             CPU(cores)   MEMORY(bytes)   
beekeeper-api-5b46b4b6bd-65r8b   817m         505Mi           
NAME                             CPU(cores)   MEMORY(bytes)   
beekeeper-api-5b46b4b6bd-65r8b   1086m        510Mi           
NAME                             CPU(cores)   MEMORY(bytes)   
beekeeper-api-5b46b4b6bd-65r8b   1086m        510Mi           
NAME                             CPU(cores)   MEMORY(bytes)   
beekeeper-api-5b46b4b6bd-65r8b   1209m        428Mi           
NAME                             CPU(cores)   MEMORY(bytes)   
beekeeper-api-5b46b4b6bd-65r8b   1209m        428Mi           
NAME                             CPU(cores)   MEMORY(bytes)   
beekeeper-api-5b46b4b6bd-65r8b   1209m        428Mi           
NAME                             CPU(cores)   MEMORY(bytes)   
beekeeper-api-5b46b4b6bd-65r8b   827m         461Mi           
NAME                             CPU(cores)   MEMORY(bytes)   
beekeeper-api-5b46b4b6bd-65r8b   827m         461Mi           
NAME                             CPU(cores)   MEMORY(bytes)   
beekeeper-api-5b46b4b6bd-65r8b   827m         461Mi           
NAME                             CPU(cores)   MEMORY(bytes)   
beekeeper-api-5b46b4b6bd-65r8b   158m         446Mi           
NAME                             CPU(cores)   MEMORY(bytes)   
beekeeper-api-5b46b4b6bd-65r8b   158m         446Mi           
NAME                             CPU(cores)   MEMORY(bytes)   
beekeeper-api-5b46b4b6bd-65r8b   158m         446Mi           
NAME                             CPU(cores)   MEMORY(bytes)   
beekeeper-api-5b46b4b6bd-65r8b   559m         453Mi           
NAME                             CPU(cores)   MEMORY(bytes)   
beekeeper-api-5b46b4b6bd-65r8b   559m         453Mi           
NAME                             CPU(cores)   MEMORY(bytes)   
beekeeper-api-5b46b4b6bd-65r8b   1117m        461Mi           
NAME                             CPU(cores)   MEMORY(bytes)   
beekeeper-api-5b46b4b6bd-65r8b   1117m        461Mi           
NAME                             CPU(cores)   MEMORY(bytes)   
beekeeper-api-5b46b4b6bd-65r8b   1117m        461Mi           
NAME                             CPU(cores)   MEMORY(bytes)   
beekeeper-api-5b46b4b6bd-65r8b   744m         497Mi           
NAME                             CPU(cores)   MEMORY(bytes)   
beekeeper-api-5b46b4b6bd-65r8b   744m         497Mi           
NAME                             CPU(cores)   MEMORY(bytes)   
beekeeper-api-5b46b4b6bd-65r8b   744m         497Mi           
NAME                             CPU(cores)   MEMORY(bytes)   
beekeeper-api-5b46b4b6bd-65r8b   848m         467Mi           
NAME                             CPU(cores)   MEMORY(bytes)   
beekeeper-api-5b46b4b6bd-65r8b   848m         467Mi           
NAME                             CPU(cores)   MEMORY(bytes)   
beekeeper-api-5b46b4b6bd-65r8b   848m         467Mi           
NAME                             CPU(cores)   MEMORY(bytes)   
beekeeper-api-5b46b4b6bd-65r8b   1023m        499Mi           
NAME                             CPU(cores)   MEMORY(bytes)   
beekeeper-api-5b46b4b6bd-65r8b   1023m        499Mi           
NAME                             CPU(cores)   MEMORY(bytes)   
beekeeper-api-5b46b4b6bd-65r8b   1122m        501Mi           
NAME                             CPU(cores)   MEMORY(bytes)   
beekeeper-api-5b46b4b6bd-65r8b   1122m        501Mi           
NAME                             CPU(cores)   MEMORY(bytes)   
beekeeper-api-5b46b4b6bd-65r8b   1122m        501Mi           
NAME                             CPU(cores)   MEMORY(bytes)   
beekeeper-api-5b46b4b6bd-65r8b   918m         512Mi           
NAME                             CPU(cores)   MEMORY(bytes)   
beekeeper-api-5b46b4b6bd-65r8b   918m         512Mi           
NAME                             CPU(cores)   MEMORY(bytes)   
beekeeper-api-5b46b4b6bd-65r8b   918m         512Mi           
NAME                             CPU(cores)   MEMORY(bytes)   
beekeeper-api-5b46b4b6bd-65r8b   918m         512Mi           
NAME                             CPU(cores)   MEMORY(bytes)   
beekeeper-api-5b46b4b6bd-65r8b   918m         512Mi           
NAME                             CPU(cores)   MEMORY(bytes)   
beekeeper-api-5b46b4b6bd-65r8b   918m         512Mi           
NAME                             CPU(cores)   MEMORY(bytes)   
beekeeper-api-5b46b4b6bd-65r8b   511m         499Mi           
NAME                             CPU(cores)   MEMORY(bytes)   
beekeeper-api-5b46b4b6bd-65r8b   511m         499Mi           
NAME                             CPU(cores)   MEMORY(bytes)   
beekeeper-api-5b46b4b6bd-65r8b   510m         501Mi           
NAME                             CPU(cores)   MEMORY(bytes)   
beekeeper-api-5b46b4b6bd-65r8b   510m         501Mi           
NAME                             CPU(cores)   MEMORY(bytes)   
beekeeper-api-5b46b4b6bd-65r8b   510m         501Mi           
NAME                             CPU(cores)   MEMORY(bytes)   
beekeeper-api-5b46b4b6bd-65r8b   462m         500Mi           
NAME                             CPU(cores)   MEMORY(bytes)   
beekeeper-api-5b46b4b6bd-65r8b   462m         500Mi           
NAME                             CPU(cores)   MEMORY(bytes)   
beekeeper-api-5b46b4b6bd-65r8b   462m         500Mi           
NAME                             CPU(cores)   MEMORY(bytes)   
beekeeper-api-5b46b4b6bd-65r8b   47m          501Mi           
NAME                             CPU(cores)   MEMORY(bytes)   
beekeeper-api-5b46b4b6bd-65r8b   47m          501Mi           
NAME                             CPU(cores)   MEMORY(bytes)   
beekeeper-api-5b46b4b6bd-65r8b   47m          501Mi           
NAME                             CPU(cores)   MEMORY(bytes)   
beekeeper-api-5b46b4b6bd-65r8b   351m         509Mi           
NAME                             CPU(cores)   MEMORY(bytes)   
beekeeper-api-5b46b4b6bd-65r8b   351m         509Mi           
NAME                             CPU(cores)   MEMORY(bytes)   
beekeeper-api-5b46b4b6bd-65r8b   1130m        502Mi           
NAME                             CPU(cores)   MEMORY(bytes)   
beekeeper-api-5b46b4b6bd-65r8b   1130m        502Mi           
NAME                             CPU(cores)   MEMORY(bytes)   
beekeeper-api-5b46b4b6bd-65r8b   1130m        502Mi           
NAME                             CPU(cores)   MEMORY(bytes)   
beekeeper-api-5b46b4b6bd-65r8b   864m         512Mi           
NAME                             CPU(cores)   MEMORY(bytes)   
beekeeper-api-5b46b4b6bd-65r8b   864m         512Mi           
NAME                             CPU(cores)   MEMORY(bytes)   
beekeeper-api-5b46b4b6bd-65r8b   864m         512Mi           
NAME                             CPU(cores)   MEMORY(bytes)   
beekeeper-api-5b46b4b6bd-65r8b   880m         623Mi           
NAME                             CPU(cores)   MEMORY(bytes)   
beekeeper-api-5b46b4b6bd-65r8b   880m         623Mi           
NAME                             CPU(cores)   MEMORY(bytes)   
beekeeper-api-5b46b4b6bd-65r8b   880m         623Mi           
NAME                             CPU(cores)   MEMORY(bytes)   
beekeeper-api-5b46b4b6bd-65r8b   959m         632Mi           
NAME                             CPU(cores)   MEMORY(bytes)   
beekeeper-api-5b46b4b6bd-65r8b   959m         632Mi           
NAME                             CPU(cores)   MEMORY(bytes)   
beekeeper-api-5b46b4b6bd-65r8b   1136m        533Mi           
NAME                             CPU(cores)   MEMORY(bytes)   
beekeeper-api-5b46b4b6bd-65r8b   1136m        533Mi           
NAME                             CPU(cores)   MEMORY(bytes)   
beekeeper-api-5b46b4b6bd-65r8b   1136m        533Mi           
NAME                             CPU(cores)   MEMORY(bytes)   
beekeeper-api-5b46b4b6bd-65r8b   917m         508Mi           
NAME                             CPU(cores)   MEMORY(bytes)   
beekeeper-api-5b46b4b6bd-65r8b   917m         508Mi           
NAME                             CPU(cores)   MEMORY(bytes)   
beekeeper-api-5b46b4b6bd-65r8b   917m         508Mi           
NAME                             CPU(cores)   MEMORY(bytes)   
beekeeper-api-5b46b4b6bd-65r8b   736m         513Mi           
NAME                             CPU(cores)   MEMORY(bytes)   
beekeeper-api-5b46b4b6bd-65r8b   736m         513Mi           
NAME                             CPU(cores)   MEMORY(bytes)   
beekeeper-api-5b46b4b6bd-65r8b   736m         513Mi           
NAME                             CPU(cores)   MEMORY(bytes)   
beekeeper-api-5b46b4b6bd-65r8b   736m         513Mi           
NAME                             CPU(cores)   MEMORY(bytes)   
beekeeper-api-5b46b4b6bd-65r8b   736m         513Mi           
NAME                             CPU(cores)   MEMORY(bytes)   
beekeeper-api-5b46b4b6bd-65r8b   532m         527Mi           
NAME                             CPU(cores)   MEMORY(bytes)   
beekeeper-api-5b46b4b6bd-65r8b   532m         527Mi           
NAME                             CPU(cores)   MEMORY(bytes)   
beekeeper-api-5b46b4b6bd-65r8b   532m         527Mi           
NAME                             CPU(cores)   MEMORY(bytes)   
beekeeper-api-5b46b4b6bd-65r8b   532m         527Mi           
NAME                             CPU(cores)   MEMORY(bytes)   
beekeeper-api-5b46b4b6bd-65r8b   532m         527Mi           
NAME                             CPU(cores)   MEMORY(bytes)   
beekeeper-api-5b46b4b6bd-65r8b   532m         527Mi           
NAME                             CPU(cores)   MEMORY(bytes)   
beekeeper-api-5b46b4b6bd-65r8b   42m          537Mi           
NAME                             CPU(cores)   MEMORY(bytes)   
beekeeper-api-5b46b4b6bd-65r8b   42m          537Mi           
NAME                             CPU(cores)   MEMORY(bytes)   
beekeeper-api-5b46b4b6bd-65r8b   42m          537Mi           
NAME                             CPU(cores)   MEMORY(bytes)   
beekeeper-api-5b46b4b6bd-65r8b   426m         565Mi           
NAME                             CPU(cores)   MEMORY(bytes)   
beekeeper-api-5b46b4b6bd-65r8b   426m         565Mi           
NAME                             CPU(cores)   MEMORY(bytes)   
beekeeper-api-5b46b4b6bd-65r8b   1103m        673Mi           
NAME                             CPU(cores)   MEMORY(bytes)   
beekeeper-api-5b46b4b6bd-65r8b   1103m        673Mi           
NAME                             CPU(cores)   MEMORY(bytes)   
beekeeper-api-5b46b4b6bd-65r8b   1103m        673Mi           
NAME                             CPU(cores)   MEMORY(bytes)   
beekeeper-api-5b46b4b6bd-65r8b   893m         657Mi           
NAME                             CPU(cores)   MEMORY(bytes)   
beekeeper-api-5b46b4b6bd-65r8b   893m         657Mi           
NAME                             CPU(cores)   MEMORY(bytes)   
beekeeper-api-5b46b4b6bd-65r8b   893m         657Mi           
NAME                             CPU(cores)   MEMORY(bytes)   
beekeeper-api-5b46b4b6bd-65r8b   893m         657Mi           
NAME                             CPU(cores)   MEMORY(bytes)   
beekeeper-api-5b46b4b6bd-65r8b   893m         657Mi           
NAME                             CPU(cores)   MEMORY(bytes)   
beekeeper-api-5b46b4b6bd-65r8b   830m         540Mi           
NAME                             CPU(cores)   MEMORY(bytes)   
beekeeper-api-5b46b4b6bd-65r8b   830m         540Mi           
NAME                             CPU(cores)   MEMORY(bytes)   
beekeeper-api-5b46b4b6bd-65r8b   830m         540Mi           
NAME                             CPU(cores)   MEMORY(bytes)   
beekeeper-api-5b46b4b6bd-65r8b   949m         540Mi           
NAME                             CPU(cores)   MEMORY(bytes)   
beekeeper-api-5b46b4b6bd-65r8b   949m         540Mi           
NAME                             CPU(cores)   MEMORY(bytes)   
beekeeper-api-5b46b4b6bd-65r8b   949m         540Mi           
NAME                             CPU(cores)   MEMORY(bytes)   
beekeeper-api-5b46b4b6bd-65r8b   918m         549Mi           
NAME                             CPU(cores)   MEMORY(bytes)   
beekeeper-api-5b46b4b6bd-65r8b   918m         549Mi           
NAME                             CPU(cores)   MEMORY(bytes)   
beekeeper-api-5b46b4b6bd-65r8b   918m         549Mi           
NAME                             CPU(cores)   MEMORY(bytes)   
beekeeper-api-5b46b4b6bd-65r8b   721m         570Mi           
NAME                             CPU(cores)   MEMORY(bytes)   
beekeeper-api-5b46b4b6bd-65r8b   721m         570Mi           
NAME                             CPU(cores)   MEMORY(bytes)   
beekeeper-api-5b46b4b6bd-65r8b   721m         570Mi           
NAME                             CPU(cores)   MEMORY(bytes)   
beekeeper-api-5b46b4b6bd-65r8b   615m         563Mi           
NAME                             CPU(cores)   MEMORY(bytes)   
beekeeper-api-5b46b4b6bd-65r8b   615m         563Mi           
NAME                             CPU(cores)   MEMORY(bytes)   
beekeeper-api-5b46b4b6bd-65r8b   431m         573Mi           
NAME                             CPU(cores)   MEMORY(bytes)   
beekeeper-api-5b46b4b6bd-65r8b   431m         573Mi           
NAME                             CPU(cores)   MEMORY(bytes)   
beekeeper-api-5b46b4b6bd-65r8b   431m         573Mi           
NAME                             CPU(cores)   MEMORY(bytes)   
beekeeper-api-5b46b4b6bd-65r8b   326m         581Mi           
NAME                             CPU(cores)   MEMORY(bytes)   
beekeeper-api-5b46b4b6bd-65r8b   326m         581Mi           
NAME                             CPU(cores)   MEMORY(bytes)   
beekeeper-api-5b46b4b6bd-65r8b   326m         581Mi           
NAME                             CPU(cores)   MEMORY(bytes)   
beekeeper-api-5b46b4b6bd-65r8b   129m         590Mi           
NAME                             CPU(cores)   MEMORY(bytes)   
beekeeper-api-5b46b4b6bd-65r8b   129m         590Mi           
NAME                             CPU(cores)   MEMORY(bytes)   
beekeeper-api-5b46b4b6bd-65r8b   525m         584Mi           
NAME                             CPU(cores)   MEMORY(bytes)   
beekeeper-api-5b46b4b6bd-65r8b   525m         584Mi           
NAME                             CPU(cores)   MEMORY(bytes)   
beekeeper-api-5b46b4b6bd-65r8b   525m         584Mi           
NAME                             CPU(cores)   MEMORY(bytes)   
beekeeper-api-5b46b4b6bd-65r8b   525m         584Mi           
NAME                             CPU(cores)   MEMORY(bytes)   
beekeeper-api-5b46b4b6bd-65r8b   525m         584Mi           
NAME                             CPU(cores)   MEMORY(bytes)   
beekeeper-api-5b46b4b6bd-65r8b   525m         584Mi           
NAME                             CPU(cores)   MEMORY(bytes)   
beekeeper-api-5b46b4b6bd-65r8b   1082m        567Mi           
NAME                             CPU(cores)   MEMORY(bytes)   
beekeeper-api-5b46b4b6bd-65r8b   1082m        567Mi           
NAME                             CPU(cores)   MEMORY(bytes)   
beekeeper-api-5b46b4b6bd-65r8b   1082m        567Mi           
NAME                             CPU(cores)   MEMORY(bytes)   
beekeeper-api-5b46b4b6bd-65r8b   817m         585Mi           
NAME                             CPU(cores)   MEMORY(bytes)   
beekeeper-api-5b46b4b6bd-65r8b   817m         585Mi           
NAME                             CPU(cores)   MEMORY(bytes)   
beekeeper-api-5b46b4b6bd-65r8b   825m         581Mi           
NAME                             CPU(cores)   MEMORY(bytes)   
beekeeper-api-5b46b4b6bd-65r8b   825m         581Mi           
NAME                             CPU(cores)   MEMORY(bytes)   
beekeeper-api-5b46b4b6bd-65r8b   825m         581Mi           
NAME                             CPU(cores)   MEMORY(bytes)   
beekeeper-api-5b46b4b6bd-65r8b   1048m        601Mi           
NAME                             CPU(cores)   MEMORY(bytes)   
beekeeper-api-5b46b4b6bd-65r8b   1048m        601Mi           
NAME                             CPU(cores)   MEMORY(bytes)   
beekeeper-api-5b46b4b6bd-65r8b   1048m        601Mi           
NAME                             CPU(cores)   MEMORY(bytes)   
beekeeper-api-5b46b4b6bd-65r8b   939m         593Mi           
NAME                             CPU(cores)   MEMORY(bytes)   
beekeeper-api-5b46b4b6bd-65r8b   939m         593Mi           
NAME                             CPU(cores)   MEMORY(bytes)   
beekeeper-api-5b46b4b6bd-65r8b   939m         593Mi           
NAME                             CPU(cores)   MEMORY(bytes)   
beekeeper-api-5b46b4b6bd-65r8b   590m         603Mi           
NAME                             CPU(cores)   MEMORY(bytes)   
beekeeper-api-5b46b4b6bd-65r8b   590m         603Mi           
NAME                             CPU(cores)   MEMORY(bytes)   
beekeeper-api-5b46b4b6bd-65r8b   590m         603Mi           
NAME                             CPU(cores)   MEMORY(bytes)   
beekeeper-api-5b46b4b6bd-65r8b   284m         642Mi           
NAME                             CPU(cores)   MEMORY(bytes)   
beekeeper-api-5b46b4b6bd-65r8b   284m         642Mi           
NAME                             CPU(cores)   MEMORY(bytes)   
beekeeper-api-5b46b4b6bd-65r8b   1246m        659Mi           
NAME                             CPU(cores)   MEMORY(bytes)   
beekeeper-api-5b46b4b6bd-65r8b   1246m        659Mi           
NAME                             CPU(cores)   MEMORY(bytes)   
beekeeper-api-5b46b4b6bd-65r8b   1246m        659Mi           
NAME                             CPU(cores)   MEMORY(bytes)   
beekeeper-api-5b46b4b6bd-65r8b   1170m        583Mi           
NAME                             CPU(cores)   MEMORY(bytes)   
beekeeper-api-5b46b4b6bd-65r8b   1170m        583Mi           
NAME                             CPU(cores)   MEMORY(bytes)   
beekeeper-api-5b46b4b6bd-65r8b   1170m        583Mi           
NAME                             CPU(cores)   MEMORY(bytes)   
beekeeper-api-5b46b4b6bd-65r8b   866m         598Mi           
NAME                             CPU(cores)   MEMORY(bytes)   
beekeeper-api-5b46b4b6bd-65r8b   866m         598Mi           
NAME                             CPU(cores)   MEMORY(bytes)   
beekeeper-api-5b46b4b6bd-65r8b   973m         595Mi           
NAME                             CPU(cores)   MEMORY(bytes)   
beekeeper-api-5b46b4b6bd-65r8b   973m         595Mi           
NAME                             CPU(cores)   MEMORY(bytes)   
beekeeper-api-5b46b4b6bd-65r8b   973m         595Mi           
NAME                             CPU(cores)   MEMORY(bytes)   
beekeeper-api-5b46b4b6bd-65r8b   973m         595Mi           
NAME                             CPU(cores)   MEMORY(bytes)   
beekeeper-api-5b46b4b6bd-65r8b   973m         595Mi           
NAME                             CPU(cores)   MEMORY(bytes)   
beekeeper-api-5b46b4b6bd-65r8b   973m         595Mi           
NAME                             CPU(cores)   MEMORY(bytes)   
beekeeper-api-5b46b4b6bd-65r8b   1092m        606Mi           
NAME                             CPU(cores)   MEMORY(bytes)   
beekeeper-api-5b46b4b6bd-65r8b   1092m        606Mi           
NAME                             CPU(cores)   MEMORY(bytes)   
beekeeper-api-5b46b4b6bd-65r8b   1092m        606Mi           
NAME                             CPU(cores)   MEMORY(bytes)   
beekeeper-api-5b46b4b6bd-65r8b   773m         634Mi           
NAME                             CPU(cores)   MEMORY(bytes)   
beekeeper-api-5b46b4b6bd-65r8b   773m         634Mi           
NAME                             CPU(cores)   MEMORY(bytes)   
beekeeper-api-5b46b4b6bd-65r8b   773m         634Mi           
NAME                             CPU(cores)   MEMORY(bytes)   
beekeeper-api-5b46b4b6bd-65r8b   773m         634Mi           
NAME                             CPU(cores)   MEMORY(bytes)   
beekeeper-api-5b46b4b6bd-65r8b   773m         634Mi           
NAME                             CPU(cores)   MEMORY(bytes)   
beekeeper-api-5b46b4b6bd-65r8b   723m         626Mi           
NAME                             CPU(cores)   MEMORY(bytes)   
beekeeper-api-5b46b4b6bd-65r8b   723m         626Mi           
NAME                             CPU(cores)   MEMORY(bytes)   
beekeeper-api-5b46b4b6bd-65r8b   723m         626Mi           
NAME                             CPU(cores)   MEMORY(bytes)   
beekeeper-api-5b46b4b6bd-65r8b   723m         626Mi           
NAME                             CPU(cores)   MEMORY(bytes)   
beekeeper-api-5b46b4b6bd-65r8b   723m         626Mi           
NAME                             CPU(cores)   MEMORY(bytes)   
beekeeper-api-5b46b4b6bd-65r8b   723m         626Mi           
NAME                             CPU(cores)   MEMORY(bytes)   
beekeeper-api-5b46b4b6bd-65r8b   119m         634Mi           
NAME                             CPU(cores)   MEMORY(bytes)   
beekeeper-api-5b46b4b6bd-65r8b   119m         634Mi           
NAME                             CPU(cores)   MEMORY(bytes)   
beekeeper-api-5b46b4b6bd-65r8b   278m         660Mi           
NAME                             CPU(cores)   MEMORY(bytes)   
beekeeper-api-5b46b4b6bd-65r8b   278m         660Mi           
NAME                             CPU(cores)   MEMORY(bytes)   
beekeeper-api-5b46b4b6bd-65r8b   278m         660Mi           
NAME                             CPU(cores)   MEMORY(bytes)   
beekeeper-api-5b46b4b6bd-65r8b   953m         651Mi           
NAME                             CPU(cores)   MEMORY(bytes)   
beekeeper-api-5b46b4b6bd-65r8b   953m         651Mi           
NAME                             CPU(cores)   MEMORY(bytes)   
beekeeper-api-5b46b4b6bd-65r8b   953m         651Mi           
NAME                             CPU(cores)   MEMORY(bytes)   
beekeeper-api-5b46b4b6bd-65r8b   1081m        653Mi           
NAME                             CPU(cores)   MEMORY(bytes)   
beekeeper-api-5b46b4b6bd-65r8b   1081m        653Mi           
NAME                             CPU(cores)   MEMORY(bytes)   
beekeeper-api-5b46b4b6bd-65r8b   709m         636Mi           
NAME                             CPU(cores)   MEMORY(bytes)   
beekeeper-api-5b46b4b6bd-65r8b   709m         636Mi           
NAME                             CPU(cores)   MEMORY(bytes)   
beekeeper-api-5b46b4b6bd-65r8b   709m         636Mi           
NAME                             CPU(cores)   MEMORY(bytes)   
beekeeper-api-5b46b4b6bd-65r8b   1007m        663Mi           
NAME                             CPU(cores)   MEMORY(bytes)   
beekeeper-api-5b46b4b6bd-65r8b   1007m        663Mi           
NAME                             CPU(cores)   MEMORY(bytes)   
beekeeper-api-5b46b4b6bd-65r8b   1007m        663Mi           
NAME                             CPU(cores)   MEMORY(bytes)   
beekeeper-api-5b46b4b6bd-65r8b   1007m        663Mi           
NAME                             CPU(cores)   MEMORY(bytes)   
beekeeper-api-5b46b4b6bd-65r8b   1007m        663Mi           
NAME                             CPU(cores)   MEMORY(bytes)   
beekeeper-api-5b46b4b6bd-65r8b   1007m        663Mi           
NAME                             CPU(cores)   MEMORY(bytes)   
beekeeper-api-5b46b4b6bd-65r8b   1099m        682Mi           
NAME                             CPU(cores)   MEMORY(bytes)   
beekeeper-api-5b46b4b6bd-65r8b   1099m        682Mi           
NAME                             CPU(cores)   MEMORY(bytes)   
beekeeper-api-5b46b4b6bd-65r8b   787m         638Mi           
NAME                             CPU(cores)   MEMORY(bytes)   
beekeeper-api-5b46b4b6bd-65r8b   787m         638Mi           
NAME                             CPU(cores)   MEMORY(bytes)   
beekeeper-api-5b46b4b6bd-65r8b   787m         638Mi           
NAME                             CPU(cores)   MEMORY(bytes)   
beekeeper-api-5b46b4b6bd-65r8b   255m         663Mi           
NAME                             CPU(cores)   MEMORY(bytes)   
beekeeper-api-5b46b4b6bd-65r8b   255m         663Mi           
NAME                             CPU(cores)   MEMORY(bytes)   
beekeeper-api-5b46b4b6bd-65r8b   255m         663Mi           
NAME                             CPU(cores)   MEMORY(bytes)   
beekeeper-api-5b46b4b6bd-65r8b   1055m        665Mi           
NAME                             CPU(cores)   MEMORY(bytes)   
beekeeper-api-5b46b4b6bd-65r8b   1055m        665Mi           
NAME                             CPU(cores)   MEMORY(bytes)   
beekeeper-api-5b46b4b6bd-65r8b   1055m        665Mi           
NAME                             CPU(cores)   MEMORY(bytes)   
beekeeper-api-5b46b4b6bd-65r8b   1031m        662Mi           
NAME                             CPU(cores)   MEMORY(bytes)   
beekeeper-api-5b46b4b6bd-65r8b   1031m        662Mi           
NAME                             CPU(cores)   MEMORY(bytes)   
beekeeper-api-5b46b4b6bd-65r8b   744m         662Mi           
NAME                             CPU(cores)   MEMORY(bytes)   
beekeeper-api-5b46b4b6bd-65r8b   744m         662Mi           
NAME                             CPU(cores)   MEMORY(bytes)   
beekeeper-api-5b46b4b6bd-65r8b   744m         662Mi           
NAME                             CPU(cores)   MEMORY(bytes)   
beekeeper-api-5b46b4b6bd-65r8b   938m         682Mi           
NAME                             CPU(cores)   MEMORY(bytes)   
beekeeper-api-5b46b4b6bd-65r8b   938m         682Mi           
NAME                             CPU(cores)   MEMORY(bytes)   
beekeeper-api-5b46b4b6bd-65r8b   938m         682Mi           
NAME                             CPU(cores)   MEMORY(bytes)   
beekeeper-api-5b46b4b6bd-65r8b   1068m        710Mi           
NAME                             CPU(cores)   MEMORY(bytes)   
beekeeper-api-5b46b4b6bd-65r8b   1068m        710Mi           
NAME                             CPU(cores)   MEMORY(bytes)   
beekeeper-api-5b46b4b6bd-65r8b   1068m        710Mi           
NAME                             CPU(cores)   MEMORY(bytes)   
beekeeper-api-5b46b4b6bd-65r8b   756m         699Mi           
NAME                             CPU(cores)   MEMORY(bytes)   
beekeeper-api-5b46b4b6bd-65r8b   756m         699Mi           
NAME                             CPU(cores)   MEMORY(bytes)   
beekeeper-api-5b46b4b6bd-65r8b   568m         688Mi           
NAME                             CPU(cores)   MEMORY(bytes)   
beekeeper-api-5b46b4b6bd-65r8b   568m         688Mi           
NAME                             CPU(cores)   MEMORY(bytes)   
beekeeper-api-5b46b4b6bd-65r8b   568m         688Mi           
NAME                             CPU(cores)   MEMORY(bytes)   
beekeeper-api-5b46b4b6bd-65r8b   438m         705Mi           
NAME                             CPU(cores)   MEMORY(bytes)   
beekeeper-api-5b46b4b6bd-65r8b   438m         705Mi           
NAME                             CPU(cores)   MEMORY(bytes)   
beekeeper-api-5b46b4b6bd-65r8b   438m         705Mi           
NAME                             CPU(cores)   MEMORY(bytes)   
beekeeper-api-5b46b4b6bd-65r8b   462m         700Mi           
NAME                             CPU(cores)   MEMORY(bytes)   
beekeeper-api-5b46b4b6bd-65r8b   462m         700Mi           
NAME                             CPU(cores)   MEMORY(bytes)   
beekeeper-api-5b46b4b6bd-65r8b   462m         700Mi           
NAME                             CPU(cores)   MEMORY(bytes)   
beekeeper-api-5b46b4b6bd-65r8b   38m          709Mi           
NAME                             CPU(cores)   MEMORY(bytes)   
beekeeper-api-5b46b4b6bd-65r8b   38m          709Mi           
NAME                             CPU(cores)   MEMORY(bytes)   
beekeeper-api-5b46b4b6bd-65r8b   185m         688Mi           
NAME                             CPU(cores)   MEMORY(bytes)   
beekeeper-api-5b46b4b6bd-65r8b   185m         688Mi           
NAME                             CPU(cores)   MEMORY(bytes)   
beekeeper-api-5b46b4b6bd-65r8b   185m         688Mi           
NAME                             CPU(cores)   MEMORY(bytes)   
beekeeper-api-5b46b4b6bd-65r8b   665m         721Mi           
NAME                             CPU(cores)   MEMORY(bytes)   
beekeeper-api-5b46b4b6bd-65r8b   665m         721Mi           
NAME                             CPU(cores)   MEMORY(bytes)   
beekeeper-api-5b46b4b6bd-65r8b   665m         721Mi           
NAME                             CPU(cores)   MEMORY(bytes)   
beekeeper-api-5b46b4b6bd-65r8b   1085m        715Mi           
NAME                             CPU(cores)   MEMORY(bytes)   
beekeeper-api-5b46b4b6bd-65r8b   1085m        715Mi           
NAME                             CPU(cores)   MEMORY(bytes)   
beekeeper-api-5b46b4b6bd-65r8b   1085m        715Mi           
NAME                             CPU(cores)   MEMORY(bytes)   
beekeeper-api-5b46b4b6bd-65r8b   896m         699Mi           
NAME                             CPU(cores)   MEMORY(bytes)   
beekeeper-api-5b46b4b6bd-65r8b   896m         699Mi           
NAME                             CPU(cores)   MEMORY(bytes)   
beekeeper-api-5b46b4b6bd-65r8b   896m         699Mi           
NAME                             CPU(cores)   MEMORY(bytes)   
beekeeper-api-5b46b4b6bd-65r8b   896m         699Mi           
NAME                             CPU(cores)   MEMORY(bytes)   
beekeeper-api-5b46b4b6bd-65r8b   896m         699Mi           
NAME                             CPU(cores)   MEMORY(bytes)   
beekeeper-api-5b46b4b6bd-65r8b   804m         710Mi           
NAME                             CPU(cores)   MEMORY(bytes)   
beekeeper-api-5b46b4b6bd-65r8b   804m         710Mi           
NAME                             CPU(cores)   MEMORY(bytes)   
beekeeper-api-5b46b4b6bd-65r8b   804m         710Mi           
NAME                             CPU(cores)   MEMORY(bytes)   
beekeeper-api-5b46b4b6bd-65r8b   1328m        750Mi           
NAME                             CPU(cores)   MEMORY(bytes)   
beekeeper-api-5b46b4b6bd-65r8b   1328m        750Mi           
NAME                             CPU(cores)   MEMORY(bytes)   
beekeeper-api-5b46b4b6bd-65r8b   1328m        750Mi           
NAME                             CPU(cores)   MEMORY(bytes)   
beekeeper-api-5b46b4b6bd-65r8b   1328m        750Mi           
NAME                             CPU(cores)   MEMORY(bytes)   
beekeeper-api-5b46b4b6bd-65r8b   1328m        750Mi           
NAME                             CPU(cores)   MEMORY(bytes)   
beekeeper-api-5b46b4b6bd-65r8b   1252m        759Mi           
NAME                             CPU(cores)   MEMORY(bytes)   
beekeeper-api-5b46b4b6bd-65r8b   1252m        759Mi           
NAME                             CPU(cores)   MEMORY(bytes)   
beekeeper-api-5b46b4b6bd-65r8b   1252m        759Mi           
NAME                             CPU(cores)   MEMORY(bytes)   
beekeeper-api-5b46b4b6bd-65r8b   1306m        730Mi           
NAME                             CPU(cores)   MEMORY(bytes)   
beekeeper-api-5b46b4b6bd-65r8b   1306m        730Mi           
NAME                             CPU(cores)   MEMORY(bytes)   
beekeeper-api-5b46b4b6bd-65r8b   1306m        730Mi           
NAME                             CPU(cores)   MEMORY(bytes)   
beekeeper-api-5b46b4b6bd-65r8b   1306m        730Mi           
NAME                             CPU(cores)   MEMORY(bytes)   
beekeeper-api-5b46b4b6bd-65r8b   1306m        730Mi           
NAME                             CPU(cores)   MEMORY(bytes)   
beekeeper-api-5b46b4b6bd-65r8b   1119m        759Mi           
NAME                             CPU(cores)   MEMORY(bytes)   
beekeeper-api-5b46b4b6bd-65r8b   1119m        759Mi           
NAME                             CPU(cores)   MEMORY(bytes)   
beekeeper-api-5b46b4b6bd-65r8b   1119m        759Mi           
NAME                             CPU(cores)   MEMORY(bytes)   
beekeeper-api-5b46b4b6bd-65r8b   878m         759Mi           
NAME                             CPU(cores)   MEMORY(bytes)   
beekeeper-api-5b46b4b6bd-65r8b   878m         759Mi           
NAME                             CPU(cores)   MEMORY(bytes)   
beekeeper-api-5b46b4b6bd-65r8b   878m         759Mi           
NAME                             CPU(cores)   MEMORY(bytes)   
beekeeper-api-5b46b4b6bd-65r8b   870m         731Mi           
NAME                             CPU(cores)   MEMORY(bytes)   
beekeeper-api-5b46b4b6bd-65r8b   870m         731Mi           
NAME                             CPU(cores)   MEMORY(bytes)   
beekeeper-api-5b46b4b6bd-65r8b   870m         731Mi           
NAME                             CPU(cores)   MEMORY(bytes)   
beekeeper-api-5b46b4b6bd-65r8b   1036m        713Mi           
NAME                             CPU(cores)   MEMORY(bytes)   
beekeeper-api-5b46b4b6bd-65r8b   1036m        713Mi           
NAME                             CPU(cores)   MEMORY(bytes)   
beekeeper-api-5b46b4b6bd-65r8b   242m         729Mi           
NAME                             CPU(cores)   MEMORY(bytes)   
beekeeper-api-5b46b4b6bd-65r8b   242m         729Mi           
NAME                             CPU(cores)   MEMORY(bytes)   
beekeeper-api-5b46b4b6bd-65r8b   242m         729Mi           
NAME                             CPU(cores)   MEMORY(bytes)   
beekeeper-api-5b46b4b6bd-65r8b   40m          738Mi           
NAME                             CPU(cores)   MEMORY(bytes)   
beekeeper-api-5b46b4b6bd-65r8b   40m          738Mi           
NAME                             CPU(cores)   MEMORY(bytes)   
beekeeper-api-5b46b4b6bd-65r8b   40m          738Mi           
NAME                             CPU(cores)   MEMORY(bytes)   
beekeeper-api-5b46b4b6bd-65r8b   40m          738Mi           
NAME                             CPU(cores)   MEMORY(bytes)   
beekeeper-api-5b46b4b6bd-65r8b   40m          738Mi           
NAME                             CPU(cores)   MEMORY(bytes)   
beekeeper-api-5b46b4b6bd-65r8b   40m          738Mi           
NAME                             CPU(cores)   MEMORY(bytes)   
beekeeper-api-5b46b4b6bd-65r8b   768m         796Mi           
NAME                             CPU(cores)   MEMORY(bytes)   
beekeeper-api-5b46b4b6bd-65r8b   768m         796Mi           
NAME                             CPU(cores)   MEMORY(bytes)   
beekeeper-api-5b46b4b6bd-65r8b   1067m        762Mi           
NAME                             CPU(cores)   MEMORY(bytes)   
beekeeper-api-5b46b4b6bd-65r8b   1067m        762Mi           
NAME                             CPU(cores)   MEMORY(bytes)   
beekeeper-api-5b46b4b6bd-65r8b   1067m        762Mi           
NAME                             CPU(cores)   MEMORY(bytes)   
beekeeper-api-5b46b4b6bd-65r8b   855m         745Mi           
NAME                             CPU(cores)   MEMORY(bytes)   
beekeeper-api-5b46b4b6bd-65r8b   855m         745Mi           
NAME                             CPU(cores)   MEMORY(bytes)   
beekeeper-api-5b46b4b6bd-65r8b   855m         745Mi           
NAME                             CPU(cores)   MEMORY(bytes)   
beekeeper-api-5b46b4b6bd-65r8b   870m         760Mi           
NAME                             CPU(cores)   MEMORY(bytes)   
beekeeper-api-5b46b4b6bd-65r8b   870m         760Mi           
NAME                             CPU(cores)   MEMORY(bytes)   
beekeeper-api-5b46b4b6bd-65r8b   870m         760Mi           
NAME                             CPU(cores)   MEMORY(bytes)   
beekeeper-api-5b46b4b6bd-65r8b   1010m        757Mi           
NAME                             CPU(cores)   MEMORY(bytes)   
beekeeper-api-5b46b4b6bd-65r8b   1010m        757Mi           
NAME                             CPU(cores)   MEMORY(bytes)   
beekeeper-api-5b46b4b6bd-65r8b   1082m        760Mi           
NAME                             CPU(cores)   MEMORY(bytes)   
beekeeper-api-5b46b4b6bd-65r8b   1082m        760Mi           
NAME                             CPU(cores)   MEMORY(bytes)   
beekeeper-api-5b46b4b6bd-65r8b   1082m        760Mi           
NAME                             CPU(cores)   MEMORY(bytes)   
beekeeper-api-5b46b4b6bd-65r8b   691m         770Mi           
NAME                             CPU(cores)   MEMORY(bytes)   
beekeeper-api-5b46b4b6bd-65r8b   691m         770Mi           
NAME                             CPU(cores)   MEMORY(bytes)   
beekeeper-api-5b46b4b6bd-65r8b   691m         770Mi           
NAME                             CPU(cores)   MEMORY(bytes)   
beekeeper-api-5b46b4b6bd-65r8b   489m         773Mi           
NAME                             CPU(cores)   MEMORY(bytes)   
beekeeper-api-5b46b4b6bd-65r8b   489m         773Mi           
NAME                             CPU(cores)   MEMORY(bytes)   
beekeeper-api-5b46b4b6bd-65r8b   489m         773Mi           
NAME                             CPU(cores)   MEMORY(bytes)   
beekeeper-api-5b46b4b6bd-65r8b   570m         774Mi           
NAME                             CPU(cores)   MEMORY(bytes)   
beekeeper-api-5b46b4b6bd-65r8b   570m         774Mi           
NAME                             CPU(cores)   MEMORY(bytes)   
beekeeper-api-5b46b4b6bd-65r8b   206m         779Mi           
NAME                             CPU(cores)   MEMORY(bytes)   
beekeeper-api-5b46b4b6bd-65r8b   206m         779Mi           
NAME                             CPU(cores)   MEMORY(bytes)   
beekeeper-api-5b46b4b6bd-65r8b   206m         779Mi           
NAME                             CPU(cores)   MEMORY(bytes)   
beekeeper-api-5b46b4b6bd-65r8b   53m          794Mi           
NAME                             CPU(cores)   MEMORY(bytes)   
beekeeper-api-5b46b4b6bd-65r8b   53m          794Mi           
NAME                             CPU(cores)   MEMORY(bytes)   
beekeeper-api-5b46b4b6bd-65r8b   53m          794Mi           
NAME                             CPU(cores)   MEMORY(bytes)   
beekeeper-api-5b46b4b6bd-65r8b   689m         818Mi           
NAME                             CPU(cores)   MEMORY(bytes)   
beekeeper-api-5b46b4b6bd-65r8b   689m         818Mi           
NAME                             CPU(cores)   MEMORY(bytes)   
beekeeper-api-5b46b4b6bd-65r8b   689m         818Mi           
NAME                             CPU(cores)   MEMORY(bytes)   
beekeeper-api-5b46b4b6bd-65r8b   1147m        815Mi           
NAME                             CPU(cores)   MEMORY(bytes)   
beekeeper-api-5b46b4b6bd-65r8b   1147m        815Mi           
NAME                             CPU(cores)   MEMORY(bytes)   
beekeeper-api-5b46b4b6bd-65r8b   1077m        812Mi           
NAME                             CPU(cores)   MEMORY(bytes)   
beekeeper-api-5b46b4b6bd-65r8b   1077m        812Mi           
NAME                             CPU(cores)   MEMORY(bytes)   
beekeeper-api-5b46b4b6bd-65r8b   1077m        812Mi           
NAME                             CPU(cores)   MEMORY(bytes)   
beekeeper-api-5b46b4b6bd-65r8b   1077m        812Mi           
NAME                             CPU(cores)   MEMORY(bytes)   
beekeeper-api-5b46b4b6bd-65r8b   1077m        812Mi           
NAME                             CPU(cores)   MEMORY(bytes)   
beekeeper-api-5b46b4b6bd-65r8b   1077m        812Mi           
NAME                             CPU(cores)   MEMORY(bytes)   
beekeeper-api-5b46b4b6bd-65r8b   798m         846Mi           
NAME                             CPU(cores)   MEMORY(bytes)   
beekeeper-api-5b46b4b6bd-65r8b   798m         846Mi           
NAME                             CPU(cores)   MEMORY(bytes)   
beekeeper-api-5b46b4b6bd-65r8b   798m         846Mi           
NAME                             CPU(cores)   MEMORY(bytes)   
beekeeper-api-5b46b4b6bd-65r8b   1134m        826Mi           
NAME                             CPU(cores)   MEMORY(bytes)   
beekeeper-api-5b46b4b6bd-65r8b   1134m        826Mi           
NAME                             CPU(cores)   MEMORY(bytes)   
beekeeper-api-5b46b4b6bd-65r8b   1014m        828Mi           
NAME                             CPU(cores)   MEMORY(bytes)   
beekeeper-api-5b46b4b6bd-65r8b   1014m        828Mi           
NAME                             CPU(cores)   MEMORY(bytes)   
beekeeper-api-5b46b4b6bd-65r8b   1014m        828Mi           
NAME                             CPU(cores)   MEMORY(bytes)   
beekeeper-api-5b46b4b6bd-65r8b   779m         804Mi           
NAME                             CPU(cores)   MEMORY(bytes)   
beekeeper-api-5b46b4b6bd-65r8b   779m         804Mi           
NAME                             CPU(cores)   MEMORY(bytes)   
beekeeper-api-5b46b4b6bd-65r8b   779m         804Mi           
NAME                             CPU(cores)   MEMORY(bytes)   
beekeeper-api-5b46b4b6bd-65r8b   911m         838Mi           
NAME                             CPU(cores)   MEMORY(bytes)   
beekeeper-api-5b46b4b6bd-65r8b   911m         838Mi           
NAME                             CPU(cores)   MEMORY(bytes)   
beekeeper-api-5b46b4b6bd-65r8b   911m         838Mi           
NAME                             CPU(cores)   MEMORY(bytes)   
beekeeper-api-5b46b4b6bd-65r8b   911m         838Mi           
NAME                             CPU(cores)   MEMORY(bytes)   
beekeeper-api-5b46b4b6bd-65r8b   911m         838Mi           
NAME                             CPU(cores)   MEMORY(bytes)   
beekeeper-api-5b46b4b6bd-65r8b   467m         822Mi           
NAME                             CPU(cores)   MEMORY(bytes)   
beekeeper-api-5b46b4b6bd-65r8b   467m         822Mi           
NAME                             CPU(cores)   MEMORY(bytes)   
beekeeper-api-5b46b4b6bd-65r8b   467m         822Mi           
NAME                             CPU(cores)   MEMORY(bytes)   
beekeeper-api-5b46b4b6bd-65r8b   186m         808Mi           
NAME                             CPU(cores)   MEMORY(bytes)   
beekeeper-api-5b46b4b6bd-65r8b   186m         808Mi           
NAME                             CPU(cores)   MEMORY(bytes)   
beekeeper-api-5b46b4b6bd-65r8b   186m         808Mi           
NAME                             CPU(cores)   MEMORY(bytes)   
beekeeper-api-5b46b4b6bd-65r8b   619m         818Mi           
NAME                             CPU(cores)   MEMORY(bytes)   
beekeeper-api-5b46b4b6bd-65r8b   619m         818Mi           
NAME                             CPU(cores)   MEMORY(bytes)   
beekeeper-api-5b46b4b6bd-65r8b   619m         818Mi           
NAME                             CPU(cores)   MEMORY(bytes)   
beekeeper-api-5b46b4b6bd-65r8b   1109m        843Mi           
NAME                             CPU(cores)   MEMORY(bytes)   
beekeeper-api-5b46b4b6bd-65r8b   1109m        843Mi           
NAME                             CPU(cores)   MEMORY(bytes)   
beekeeper-api-5b46b4b6bd-65r8b   863m         826Mi           
NAME                             CPU(cores)   MEMORY(bytes)   
beekeeper-api-5b46b4b6bd-65r8b   863m         826Mi           
NAME                             CPU(cores)   MEMORY(bytes)   
beekeeper-api-5b46b4b6bd-65r8b   863m         826Mi           
NAME                             CPU(cores)   MEMORY(bytes)   
beekeeper-api-5b46b4b6bd-65r8b   828m         816Mi           
NAME                             CPU(cores)   MEMORY(bytes)   
beekeeper-api-5b46b4b6bd-65r8b   828m         816Mi           
NAME                             CPU(cores)   MEMORY(bytes)   
beekeeper-api-5b46b4b6bd-65r8b   828m         816Mi           
NAME                             CPU(cores)   MEMORY(bytes)   
beekeeper-api-5b46b4b6bd-65r8b   974m         856Mi           
NAME                             CPU(cores)   MEMORY(bytes)   
beekeeper-api-5b46b4b6bd-65r8b   974m         856Mi           
NAME                             CPU(cores)   MEMORY(bytes)   
beekeeper-api-5b46b4b6bd-65r8b   1115m        865Mi           
NAME                             CPU(cores)   MEMORY(bytes)   
beekeeper-api-5b46b4b6bd-65r8b   1115m        865Mi           
NAME                             CPU(cores)   MEMORY(bytes)   
beekeeper-api-5b46b4b6bd-65r8b   1115m        865Mi           
NAME                             CPU(cores)   MEMORY(bytes)   
beekeeper-api-5b46b4b6bd-65r8b   932m         861Mi           
NAME                             CPU(cores)   MEMORY(bytes)   
beekeeper-api-5b46b4b6bd-65r8b   932m         861Mi           
NAME                             CPU(cores)   MEMORY(bytes)   
beekeeper-api-5b46b4b6bd-65r8b   932m         861Mi           
NAME                             CPU(cores)   MEMORY(bytes)   
beekeeper-api-5b46b4b6bd-65r8b   932m         861Mi           
NAME                             CPU(cores)   MEMORY(bytes)   
beekeeper-api-5b46b4b6bd-65r8b   932m         861Mi           
NAME                             CPU(cores)   MEMORY(bytes)   
beekeeper-api-5b46b4b6bd-65r8b   932m         861Mi           
NAME                             CPU(cores)   MEMORY(bytes)   
beekeeper-api-5b46b4b6bd-65r8b   760m         884Mi           
NAME                             CPU(cores)   MEMORY(bytes)   
beekeeper-api-5b46b4b6bd-65r8b   760m         884Mi           
NAME                             CPU(cores)   MEMORY(bytes)   
beekeeper-api-5b46b4b6bd-65r8b   1051m        891Mi           
NAME                             CPU(cores)   MEMORY(bytes)   
beekeeper-api-5b46b4b6bd-65r8b   1051m        891Mi           
NAME                             CPU(cores)   MEMORY(bytes)   
beekeeper-api-5b46b4b6bd-65r8b   1051m        891Mi           
NAME                             CPU(cores)   MEMORY(bytes)   
beekeeper-api-5b46b4b6bd-65r8b   1199m        867Mi           
NAME                             CPU(cores)   MEMORY(bytes)   
beekeeper-api-5b46b4b6bd-65r8b   1199m        867Mi           
NAME                             CPU(cores)   MEMORY(bytes)   
beekeeper-api-5b46b4b6bd-65r8b   1199m        867Mi           
NAME                             CPU(cores)   MEMORY(bytes)   
beekeeper-api-5b46b4b6bd-65r8b   1199m        867Mi           
NAME                             CPU(cores)   MEMORY(bytes)   
beekeeper-api-5b46b4b6bd-65r8b   1199m        867Mi           
NAME                             CPU(cores)   MEMORY(bytes)   
beekeeper-api-5b46b4b6bd-65r8b   1199m        867Mi           
NAME                             CPU(cores)   MEMORY(bytes)   
beekeeper-api-5b46b4b6bd-65r8b   919m         873Mi           
NAME                             CPU(cores)   MEMORY(bytes)   
beekeeper-api-5b46b4b6bd-65r8b   919m         873Mi           
NAME                             CPU(cores)   MEMORY(bytes)   
beekeeper-api-5b46b4b6bd-65r8b   1036m        907Mi           
NAME                             CPU(cores)   MEMORY(bytes)   
beekeeper-api-5b46b4b6bd-65r8b   1036m        907Mi           
NAME                             CPU(cores)   MEMORY(bytes)   
beekeeper-api-5b46b4b6bd-65r8b   1036m        907Mi           
NAME                             CPU(cores)   MEMORY(bytes)   
beekeeper-api-5b46b4b6bd-65r8b   990m         883Mi           
NAME                             CPU(cores)   MEMORY(bytes)   
beekeeper-api-5b46b4b6bd-65r8b   990m         883Mi           
NAME                             CPU(cores)   MEMORY(bytes)   
beekeeper-api-5b46b4b6bd-65r8b   990m         883Mi           
NAME                             CPU(cores)   MEMORY(bytes)   
beekeeper-api-5b46b4b6bd-65r8b   810m         882Mi           
NAME                             CPU(cores)   MEMORY(bytes)   
beekeeper-api-5b46b4b6bd-65r8b   810m         882Mi           
NAME                             CPU(cores)   MEMORY(bytes)   
beekeeper-api-5b46b4b6bd-65r8b   810m         882Mi           
NAME                             CPU(cores)   MEMORY(bytes)   
beekeeper-api-5b46b4b6bd-65r8b   892m         890Mi           
NAME                             CPU(cores)   MEMORY(bytes)   
beekeeper-api-5b46b4b6bd-65r8b   892m         890Mi           
NAME                             CPU(cores)   MEMORY(bytes)   
beekeeper-api-5b46b4b6bd-65r8b   1006m        921Mi           
NAME                             CPU(cores)   MEMORY(bytes)   
beekeeper-api-5b46b4b6bd-65r8b   1006m        921Mi           
NAME                             CPU(cores)   MEMORY(bytes)   
beekeeper-api-5b46b4b6bd-65r8b   1006m        921Mi           
NAME                             CPU(cores)   MEMORY(bytes)   
beekeeper-api-5b46b4b6bd-65r8b   361m         895Mi           
NAME                             CPU(cores)   MEMORY(bytes)   
beekeeper-api-5b46b4b6bd-65r8b   361m         895Mi           
NAME                             CPU(cores)   MEMORY(bytes)   
beekeeper-api-5b46b4b6bd-65r8b   361m         895Mi           
NAME                             CPU(cores)   MEMORY(bytes)   
beekeeper-api-5b46b4b6bd-65r8b   166m         903Mi           
NAME                             CPU(cores)   MEMORY(bytes)   
beekeeper-api-5b46b4b6bd-65r8b   166m         903Mi           
NAME                             CPU(cores)   MEMORY(bytes)   
beekeeper-api-5b46b4b6bd-65r8b   868m         938Mi           
NAME                             CPU(cores)   MEMORY(bytes)   
beekeeper-api-5b46b4b6bd-65r8b   868m         938Mi           
NAME                             CPU(cores)   MEMORY(bytes)   
beekeeper-api-5b46b4b6bd-65r8b   868m         938Mi           
NAME                             CPU(cores)   MEMORY(bytes)   
beekeeper-api-5b46b4b6bd-65r8b   1122m        925Mi           
NAME                             CPU(cores)   MEMORY(bytes)   
beekeeper-api-5b46b4b6bd-65r8b   1122m        925Mi           
NAME                             CPU(cores)   MEMORY(bytes)   
beekeeper-api-5b46b4b6bd-65r8b   1122m        925Mi           
NAME                             CPU(cores)   MEMORY(bytes)   
beekeeper-api-5b46b4b6bd-65r8b   1217m        920Mi           
NAME                             CPU(cores)   MEMORY(bytes)   
beekeeper-api-5b46b4b6bd-65r8b   1217m        920Mi           
NAME                             CPU(cores)   MEMORY(bytes)   
beekeeper-api-5b46b4b6bd-65r8b   1217m        920Mi           
NAME                             CPU(cores)   MEMORY(bytes)   
beekeeper-api-5b46b4b6bd-65r8b   969m         944Mi           
NAME                             CPU(cores)   MEMORY(bytes)   
beekeeper-api-5b46b4b6bd-65r8b   969m         944Mi           
NAME                             CPU(cores)   MEMORY(bytes)   
beekeeper-api-5b46b4b6bd-65r8b   768m         17Mi            
NAME                             CPU(cores)   MEMORY(bytes)   
beekeeper-api-5b46b4b6bd-65r8b   768m         17Mi            
NAME                             CPU(cores)   MEMORY(bytes)   
beekeeper-api-5b46b4b6bd-65r8b   768m         17Mi            
NAME                             CPU(cores)   MEMORY(bytes)   
beekeeper-api-5b46b4b6bd-65r8b   768m         17Mi            
NAME                             CPU(cores)   MEMORY(bytes)   
beekeeper-api-5b46b4b6bd-65r8b   768m         17Mi            
NAME                             CPU(cores)   MEMORY(bytes)   
beekeeper-api-5b46b4b6bd-65r8b   768m         17Mi            
NAME                             CPU(cores)   MEMORY(bytes)   
beekeeper-api-5b46b4b6bd-65r8b   976m         3Mi
