/api # node -e "setInterval(()=>console.log(process.memoryUsage()),10000)"
{
  rss: 39280640,
  heapTotal: 4169728,
  heapUsed: 3204032,
  external: 1191056,
  arrayBuffers: 10515
}
{
  rss: 41549824,
  heapTotal: 4694016,
  heapUsed: 3999232,
  external: 1490095,
  arrayBuffers: 10515
}
{
  rss: 41549824,
  heapTotal: 4694016,
  heapUsed: 4007168,
  external: 1490095,
  arrayBuffers: 10515
}
{
  rss: 41549824,
  heapTotal: 4694016,
  heapUsed: 4014968,
  external: 1490095,
  arrayBuffers: 10515
}
{
  rss: 41549824,
  heapTotal: 4694016,
  heapUsed: 4022768,
  external: 1490095,
  arrayBuffers: 10515
}
{
  rss: 41549824,
  heapTotal: 4694016,
  heapUsed: 4030968,
  external: 1490095,
  arrayBuffers: 10515
}
{
  rss: 41549824,
  heapTotal: 4694016,
  heapUsed: 4038768,
  external: 1490095,
  arrayBuffers: 10515
}
{
  rss: 41549824,
  heapTotal: 4694016,
  heapUsed: 4046664,
  external: 1490095,
  arrayBuffers: 10515
}
{
  rss: 41549824,
  heapTotal: 4694016,
  heapUsed: 4054464,
  external: 1490095,
  arrayBuffers: 10515
}
{
  rss: 41549824,
  heapTotal: 4694016,
  heapUsed: 4062136,
  external: 1490095,
  arrayBuffers: 10515
}
{
  rss: 41549824,
  heapTotal: 4694016,
  heapUsed: 4070032,
  external: 1490095,
  arrayBuffers: 10515
}
{
  rss: 41549824,
  heapTotal: 4694016,
  heapUsed: 4078008,
  external: 1490095,
  arrayBuffers: 10515
}
{
  rss: 41549824,
  heapTotal: 4694016,
  heapUsed: 4086360,
  external: 1490095,
  arrayBuffers: 10515
}
{
  rss: 41717760,
  heapTotal: 4694016,
  heapUsed: 4094360,
  external: 1490095,
  arrayBuffers: 10515
}
{
  rss: 41717760,
  heapTotal: 4694016,
  heapUsed: 4102312,
  external: 1490095,
  arrayBuffers: 10515
}
{
  rss: 41717760,
  heapTotal: 4694016,
  heapUsed: 4110176,
  external: 1490095,
  arrayBuffers: 10515
}
{
  rss: 41717760,
  heapTotal: 4694016,
  heapUsed: 4118008,
  external: 1490095,
  arrayBuffers: 10515
}
{
  rss: 41717760,
  heapTotal: 4694016,
  heapUsed: 4126104,
  external: 1490095,
  arrayBuffers: 10515
}
{
  rss: 41717760,
  heapTotal: 4694016,
  heapUsed: 4133968,
  external: 1490095,
  arrayBuffers: 10515
}
{
  rss: 41717760,
  heapTotal: 4694016,
  heapUsed: 4142440,
  external: 1490095,
  arrayBuffers: 10515
}
{
  rss: 41717760,
  heapTotal: 4694016,
  heapUsed: 4150320,
  external: 1490095,
  arrayBuffers: 10515
}
{
  rss: 41717760,
  heapTotal: 4694016,
  heapUsed: 4158264,
  external: 1490095,
  arrayBuffers: 10515
}
{
  rss: 41717760,
  heapTotal: 4694016,
  heapUsed: 4166272,
  external: 1490095,
  arrayBuffers: 10515
}
command terminated with exit code 137
eirikhanasand@Eiriks-Macbook-Pro ~ % kubectl exec -it -n beekeeper beekeeper-api-5b46b4b6bd-65r8b -- sh
/api # node monitor.cjs^C

/api # node -e "setInterval(()=>console.log(process.memoryUsage()),10000)"
{
  rss: 39448576,
  heapTotal: 4169728,
  heapUsed: 3204032,
  external: 1191056,
  arrayBuffers: 10515
}
{
  rss: 41725952,
  heapTotal: 4694016,
  heapUsed: 3999232,
  external: 1490095,
  arrayBuffers: 10515
}
{
  rss: 41725952,
  heapTotal: 4694016,
  heapUsed: 4007168,
  external: 1490095,
  arrayBuffers: 10515
}
{
  rss: 41725952,
  heapTotal: 4694016,
  heapUsed: 4014968,
  external: 1490095,
  arrayBuffers: 10515
}
{
  rss: 41725952,
  heapTotal: 4694016,
  heapUsed: 4022768,
  external: 1490095,
  arrayBuffers: 10515
}
{
  rss: 41725952,
  heapTotal: 4694016,
  heapUsed: 4030968,
  external: 1490095,
  arrayBuffers: 10515
}
{
  rss: 41725952,
  heapTotal: 4694016,
  heapUsed: 4038768,
  external: 1490095,
  arrayBuffers: 10515
}
{
  rss: 41725952,
  heapTotal: 4694016,
  heapUsed: 4046664,
  external: 1490095,
  arrayBuffers: 10515
}
{
  rss: 41725952,
  heapTotal: 4694016,
  heapUsed: 4054464,
  external: 1490095,
  arrayBuffers: 10515
}
{
  rss: 41725952,
  heapTotal: 4694016,
  heapUsed: 4062136,
  external: 1490095,
  arrayBuffers: 10515
}
{
  rss: 41725952,
  heapTotal: 4694016,
  heapUsed: 4070032,
  external: 1490095,
  arrayBuffers: 10515
}
{
  rss: 41725952,
  heapTotal: 4694016,
  heapUsed: 4078008,
  external: 1490095,
  arrayBuffers: 10515
}
{
  rss: 41725952,
  heapTotal: 4694016,
  heapUsed: 4086360,
  external: 1490095,
  arrayBuffers: 10515
}
{
  rss: 41893888,
  heapTotal: 4694016,
  heapUsed: 4094360,
  external: 1490095,
  arrayBuffers: 10515
}
{
  rss: 41893888,
  heapTotal: 4694016,
  heapUsed: 4102312,
  external: 1490095,
  arrayBuffers: 10515
}
{
  rss: 41893888,
  heapTotal: 4694016,
  heapUsed: 4110176,
  external: 1490095,
  arrayBuffers: 10515
}
{
  rss: 41893888,
  heapTotal: 4694016,
  heapUsed: 4118008,
  external: 1490095,
  arrayBuffers: 10515
}
{
  rss: 41893888,
  heapTotal: 4694016,
  heapUsed: 4126104,
  external: 1490095,
  arrayBuffers: 10515
}
{
  rss: 41893888,
  heapTotal: 4694016,
  heapUsed: 4133968,
  external: 1490095,
  arrayBuffers: 10515
}
{
  rss: 41893888,
  heapTotal: 4694016,
  heapUsed: 4142440,
  external: 1490095,
  arrayBuffers: 10515
}
{
  rss: 41893888,
  heapTotal: 4694016,
  heapUsed: 4150320,
  external: 1490095,
  arrayBuffers: 10515
}
{
  rss: 41893888,
  heapTotal: 4694016,
  heapUsed: 4158264,
  external: 1490095,
  arrayBuffers: 10515
}
{
  rss: 41893888,
  heapTotal: 4694016,
  heapUsed: 4166272,
  external: 1490095,
  arrayBuffers: 10515
}
{
  rss: 41893888,
  heapTotal: 4694016,
  heapUsed: 4174152,
  external: 1490095,
  arrayBuffers: 10515
}
{
  rss: 41893888,
  heapTotal: 4694016,
  heapUsed: 4182032,
  external: 1490095,
  arrayBuffers: 10515
}
{
  rss: 41893888,
  heapTotal: 4694016,
  heapUsed: 4189912,
  external: 1490095,
  arrayBuffers: 10515
}
{
  rss: 41893888,
  heapTotal: 4694016,
  heapUsed: 4197792,
  external: 1490095,
  arrayBuffers: 10515
}
{
  rss: 41893888,
  heapTotal: 4694016,
  heapUsed: 4205672,
  external: 1490095,
  arrayBuffers: 10515
}
{
  rss: 41893888,
  heapTotal: 4694016,
  heapUsed: 4213552,
  external: 1490095,
  arrayBuffers: 10515
}
{
  rss: 41893888,
  heapTotal: 4694016,
  heapUsed: 4221432,
  external: 1490095,
  arrayBuffers: 10515
}
{
  rss: 41893888,
  heapTotal: 4694016,
  heapUsed: 4229312,
  external: 1490095,
  arrayBuffers: 10515
}
{
  rss: 42192896,
  heapTotal: 4694016,
  heapUsed: 4237192,
  external: 1490095,
  arrayBuffers: 10515
}
{
  rss: 42192896,
  heapTotal: 4694016,
  heapUsed: 4245176,
  external: 1490095,
  arrayBuffers: 10515
}
{
  rss: 42192896,
  heapTotal: 4694016,
  heapUsed: 4253072,
  external: 1490095,
  arrayBuffers: 10515
}
{
  rss: 42192896,
  heapTotal: 4694016,
  heapUsed: 4261064,
  external: 1490095,
  arrayBuffers: 10515
}
{
  rss: 42192896,
  heapTotal: 4694016,
  heapUsed: 4268960,
  external: 1490095,
  arrayBuffers: 10515
}
{
  rss: 42192896,
  heapTotal: 4694016,
  heapUsed: 4276856,
  external: 1490095,
  arrayBuffers: 10515
}
{
  rss: 42192896,
  heapTotal: 4694016,
  heapUsed: 4284752,
  external: 1490095,
  arrayBuffers: 10515
}
{
  rss: 42192896,
  heapTotal: 4694016,
  heapUsed: 4292648,
  external: 1490095,
  arrayBuffers: 10515
}
{
  rss: 42192896,
  heapTotal: 4694016,
  heapUsed: 4300544,
  external: 1490095,
  arrayBuffers: 10515
}
{
  rss: 42192896,
  heapTotal: 4694016,
  heapUsed: 4308440,
  external: 1490095,
  arrayBuffers: 10515
}
{
  rss: 42192896,
  heapTotal: 4694016,
  heapUsed: 4316336,
  external: 1490095,
  arrayBuffers: 10515
}
{
  rss: 42192896,
  heapTotal: 4694016,
  heapUsed: 4324232,
  external: 1490095,
  arrayBuffers: 10515
}
{
  rss: 42192896,
  heapTotal: 4694016,
  heapUsed: 4332128,
  external: 1490095,
  arrayBuffers: 10515
}
{
  rss: 42192896,
  heapTotal: 4694016,
  heapUsed: 4340136,
  external: 1490095,
  arrayBuffers: 10515
}
{
  rss: 42192896,
  heapTotal: 4694016,
  heapUsed: 4348032,
  external: 1490095,
  arrayBuffers: 10515
}
{
  rss: 42192896,
  heapTotal: 4694016,
  heapUsed: 4355960,
  external: 1490095,
  arrayBuffers: 10515
}
{
  rss: 42192896,
  heapTotal: 4694016,
  heapUsed: 4363856,
  external: 1490095,
  arrayBuffers: 10515
}
{
  rss: 42192896,
  heapTotal: 4694016,
  heapUsed: 4371816,
  external: 1490095,
  arrayBuffers: 10515
}
{
  rss: 42192896,
  heapTotal: 4694016,
  heapUsed: 4379712,
  external: 1490095,
  arrayBuffers: 10515
}
{
  rss: 42192896,
  heapTotal: 4694016,
  heapUsed: 4387608,
  external: 1490095,
  arrayBuffers: 10515
}
{
  rss: 42192896,
  heapTotal: 4694016,
  heapUsed: 4395504,
  external: 1490095,
  arrayBuffers: 10515
}
{
  rss: 42192896,
  heapTotal: 4694016,
  heapUsed: 4403400,
  external: 1490095,
  arrayBuffers: 10515
}
{
  rss: 42721280,
  heapTotal: 5742592,
  heapUsed: 3808232,
  external: 1490095,
  arrayBuffers: 10515
}
{
  rss: 42721280,
  heapTotal: 5742592,
  heapUsed: 3816176,
  external: 1490095,
  arrayBuffers: 10515
}
{
  rss: 42721280,
  heapTotal: 5742592,
  heapUsed: 3824168,
  external: 1490095,
  arrayBuffers: 10515
}
{
  rss: 42721280,
  heapTotal: 5742592,
  heapUsed: 3832112,
  external: 1490095,
  arrayBuffers: 10515
}
{
  rss: 42721280,
  heapTotal: 5742592,
  heapUsed: 3840056,
  external: 1490095,
  arrayBuffers: 10515
}
{
  rss: 42721280,
  heapTotal: 5742592,
  heapUsed: 3848000,
  external: 1490095,
  arrayBuffers: 10515
}
{
  rss: 42721280,
  heapTotal: 5742592,
  heapUsed: 3855944,
  external: 1490095,
  arrayBuffers: 10515
}
{
  rss: 42721280,
  heapTotal: 5742592,
  heapUsed: 3863888,
  external: 1490095,
  arrayBuffers: 10515
}
{
  rss: 42721280,
  heapTotal: 5742592,
  heapUsed: 3871832,
  external: 1490095,
  arrayBuffers: 10515
}
{
  rss: 42721280,
  heapTotal: 5742592,
  heapUsed: 3879776,
  external: 1490095,
  arrayBuffers: 10515
}
{
  rss: 42721280,
  heapTotal: 5742592,
  heapUsed: 3887720,
  external: 1490095,
  arrayBuffers: 10515
}
{
  rss: 42721280,
  heapTotal: 5742592,
  heapUsed: 3895664,
  external: 1490095,
  arrayBuffers: 10515
}
{
  rss: 42721280,
  heapTotal: 5742592,
  heapUsed: 3903608,
  external: 1490095,
  arrayBuffers: 10515
}
{
  rss: 42721280,
  heapTotal: 5742592,
  heapUsed: 3911552,
  external: 1490095,
  arrayBuffers: 10515
}
{
  rss: 42721280,
  heapTotal: 5742592,
  heapUsed: 3919496,
  external: 1490095,
  arrayBuffers: 10515
}
{
  rss: 42721280,
  heapTotal: 5742592,
  heapUsed: 3927440,
  external: 1490095,
  arrayBuffers: 10515
}
{
  rss: 42721280,
  heapTotal: 5742592,
  heapUsed: 3935384,
  external: 1490095,
  arrayBuffers: 10515
}
{
  rss: 42721280,
  heapTotal: 5742592,
  heapUsed: 3943328,
  external: 1490095,
  arrayBuffers: 10515
}
{
  rss: 42721280,
  heapTotal: 5742592,
  heapUsed: 3951272,
  external: 1490095,
  arrayBuffers: 10515
}
{
  rss: 42721280,
  heapTotal: 5742592,
  heapUsed: 3959216,
  external: 1490095,
  arrayBuffers: 10515
}
{
  rss: 42721280,
  heapTotal: 5742592,
  heapUsed: 3967160,
  external: 1490095,
  arrayBuffers: 10515
}
{
  rss: 42721280,
  heapTotal: 5742592,
  heapUsed: 3975104,
  external: 1490095,
  arrayBuffers: 10515
}
{
  rss: 42721280,
  heapTotal: 5742592,
  heapUsed: 3983048,
  external: 1490095,
  arrayBuffers: 10515
}
{
  rss: 42721280,
  heapTotal: 5742592,
  heapUsed: 3990992,
  external: 1490095,
  arrayBuffers: 10515
}
{
  rss: 42721280,
  heapTotal: 5742592,
  heapUsed: 3998936,
  external: 1490095,
  arrayBuffers: 10515
}
{
  rss: 42721280,
  heapTotal: 5742592,
  heapUsed: 4006880,
  external: 1490095,
  arrayBuffers: 10515
}
{
  rss: 42721280,
  heapTotal: 5742592,
  heapUsed: 4014824,
  external: 1490095,
  arrayBuffers: 10515
}
{
  rss: 42721280,
  heapTotal: 5742592,
  heapUsed: 4022768,
  external: 1490095,
  arrayBuffers: 10515
}
{
  rss: 42721280,
  heapTotal: 5742592,
  heapUsed: 4030688,
  external: 1490095,
  arrayBuffers: 10515
}
{
  rss: 42721280,
  heapTotal: 5742592,
  heapUsed: 4038632,
  external: 1490095,
  arrayBuffers: 10515
}
{
  rss: 42721280,
  heapTotal: 5742592,
  heapUsed: 4046576,
  external: 1490095,
  arrayBuffers: 10515
}
{
  rss: 42721280,
  heapTotal: 5742592,
  heapUsed: 4054520,
  external: 1490095,
  arrayBuffers: 10515
}
{
  rss: 42721280,
  heapTotal: 5742592,
  heapUsed: 4062464,
  external: 1490095,
  arrayBuffers: 10515
}
{
  rss: 42987520,
  heapTotal: 5742592,
  heapUsed: 4070408,
  external: 1490095,
  arrayBuffers: 10515
}
{
  rss: 42987520,
  heapTotal: 5742592,
  heapUsed: 4078328,
  external: 1490095,
  arrayBuffers: 10515
}
{
  rss: 42987520,
  heapTotal: 5742592,
  heapUsed: 4086248,
  external: 1490095,
  arrayBuffers: 10515
}
{
  rss: 42987520,
  heapTotal: 5742592,
  heapUsed: 4094144,
  external: 1490095,
  arrayBuffers: 10515
}
{
  rss: 42987520,
  heapTotal: 5742592,
  heapUsed: 4102040,
  external: 1490095,
  arrayBuffers: 10515
}
{
  rss: 42987520,
  heapTotal: 5742592,
  heapUsed: 4109936,
  external: 1490095,
  arrayBuffers: 10515
}
{
  rss: 42987520,
  heapTotal: 5742592,
  heapUsed: 4117832,
  external: 1490095,
  arrayBuffers: 10515
}
{
  rss: 42987520,
  heapTotal: 5742592,
  heapUsed: 4125728,
  external: 1490095,
  arrayBuffers: 10515
}
{
  rss: 42987520,
  heapTotal: 5742592,
  heapUsed: 4133624,
  external: 1490095,
  arrayBuffers: 10515
}
{
  rss: 42987520,
  heapTotal: 5742592,
  heapUsed: 4141520,
  external: 1490095,
  arrayBuffers: 10515
}
{
  rss: 42987520,
  heapTotal: 5742592,
  heapUsed: 4149416,
  external: 1490095,
  arrayBuffers: 10515
}
{
  rss: 42987520,
  heapTotal: 5742592,
  heapUsed: 4157312,
  external: 1490095,
  arrayBuffers: 10515
}
{
  rss: 42987520,
  heapTotal: 5742592,
  heapUsed: 4165208,
  external: 1490095,
  arrayBuffers: 10515
}
{
  rss: 42987520,
  heapTotal: 5742592,
  heapUsed: 4173104,
  external: 1490095,
  arrayBuffers: 10515
}
{
  rss: 42987520,
  heapTotal: 5742592,
  heapUsed: 4181000,
  external: 1490095,
  arrayBuffers: 10515
}
{
  rss: 42987520,
  heapTotal: 5742592,
  heapUsed: 4188896,
  external: 1490095,
  arrayBuffers: 10515
}
{
  rss: 42987520,
  heapTotal: 5742592,
  heapUsed: 4196792,
  external: 1490095,
  arrayBuffers: 10515
}
{
  rss: 42987520,
  heapTotal: 5742592,
  heapUsed: 4204688,
  external: 1490095,
  arrayBuffers: 10515
}
{
  rss: 42987520,
  heapTotal: 5742592,
  heapUsed: 4212584,
  external: 1490095,
  arrayBuffers: 10515
}
{
  rss: 42987520,
  heapTotal: 5742592,
  heapUsed: 4220480,
  external: 1490095,
  arrayBuffers: 10515
}
{
  rss: 42987520,
  heapTotal: 5742592,
  heapUsed: 4228376,
  external: 1490095,
  arrayBuffers: 10515
}
{
  rss: 42987520,
  heapTotal: 5742592,
  heapUsed: 4236272,
  external: 1490095,
  arrayBuffers: 10515
}
{
  rss: 42987520,
  heapTotal: 5742592,
  heapUsed: 4244168,
  external: 1490095,
  arrayBuffers: 10515
}
{
  rss: 42987520,
  heapTotal: 5742592,
  heapUsed: 4252064,
  external: 1490095,
  arrayBuffers: 10515
}
{
  rss: 42987520,
  heapTotal: 5742592,
  heapUsed: 4259960,
  external: 1490095,
  arrayBuffers: 10515
}
{
  rss: 42987520,
  heapTotal: 5742592,
  heapUsed: 4267856,
  external: 1490095,
  arrayBuffers: 10515
}
{
  rss: 42987520,
  heapTotal: 5742592,
  heapUsed: 4275752,
  external: 1490095,
  arrayBuffers: 10515
}
{
  rss: 42987520,
  heapTotal: 5742592,
  heapUsed: 4283648,
  external: 1490095,
  arrayBuffers: 10515
}
{
  rss: 42987520,
  heapTotal: 5742592,
  heapUsed: 4291544,
  external: 1490095,
  arrayBuffers: 10515
}
{
  rss: 42987520,
  heapTotal: 5742592,
  heapUsed: 4299440,
  external: 1490095,
  arrayBuffers: 10515
}
{
  rss: 42987520,
  heapTotal: 5742592,
  heapUsed: 4307336,
  external: 1490095,
  arrayBuffers: 10515
}
{
  rss: 42987520,
  heapTotal: 5742592,
  heapUsed: 4315232,
  external: 1490095,
  arrayBuffers: 10515
}
{
  rss: 42987520,
  heapTotal: 5742592,
  heapUsed: 4323128,
  external: 1490095,
  arrayBuffers: 10515
}
{
  rss: 42987520,
  heapTotal: 5742592,
  heapUsed: 4331024,
  external: 1490095,
  arrayBuffers: 10515
}
{
  rss: 42987520,
  heapTotal: 5742592,
  heapUsed: 4338920,
  external: 1490095,
  arrayBuffers: 10515
}
{
  rss: 43257856,
  heapTotal: 5742592,
  heapUsed: 4346832,
  external: 1490095,
  arrayBuffers: 10515
}
{
  rss: 43257856,
  heapTotal: 5742592,
  heapUsed: 4354752,
  external: 1490095,
  arrayBuffers: 10515
}
{
  rss: 43257856,
  heapTotal: 5742592,
  heapUsed: 4362648,
  external: 1490095,
  arrayBuffers: 10515
}
{
  rss: 43257856,
  heapTotal: 5742592,
  heapUsed: 4370544,
  external: 1490095,
  arrayBuffers: 10515
}
{
  rss: 43257856,
  heapTotal: 5742592,
  heapUsed: 4378440,
  external: 1490095,
  arrayBuffers: 10515
}
{
  rss: 43257856,
  heapTotal: 5742592,
  heapUsed: 4386336,
  external: 1490095,
  arrayBuffers: 10515
}
{
  rss: 43257856,
  heapTotal: 5742592,
  heapUsed: 4394232,
  external: 1490095,
  arrayBuffers: 10515
}
{
  rss: 43257856,
  heapTotal: 5742592,
  heapUsed: 4402128,
  external: 1490095,
  arrayBuffers: 10515
}
{
  rss: 41734144,
  heapTotal: 4694016,
  heapUsed: 3232680,
  external: 1487477,
  arrayBuffers: 10475
}
{
  rss: 41734144,
  heapTotal: 4694016,
  heapUsed: 3244264,
  external: 1487477,
  arrayBuffers: 10475
}
{
  rss: 41734144,
  heapTotal: 4694016,
  heapUsed: 3252160,
  external: 1487477,
  arrayBuffers: 10475
}
{
  rss: 41734144,
  heapTotal: 4694016,
  heapUsed: 3260056,
  external: 1487477,
  arrayBuffers: 10475
}
{
  rss: 41734144,
  heapTotal: 4694016,
  heapUsed: 3267952,
  external: 1487477,
  arrayBuffers: 10475
}
{
  rss: 41734144,
  heapTotal: 4694016,
  heapUsed: 3275848,
  external: 1487477,
  arrayBuffers: 10475
}
{
  rss: 41734144,
  heapTotal: 4694016,
  heapUsed: 3283744,
  external: 1487477,
  arrayBuffers: 10475
}
{
  rss: 41734144,
  heapTotal: 4694016,
  heapUsed: 3291640,
  external: 1487477,
  arrayBuffers: 10475
}
{
  rss: 41734144,
  heapTotal: 4694016,
  heapUsed: 3299536,
  external: 1487477,
  arrayBuffers: 10475
}
{
  rss: 41734144,
  heapTotal: 4694016,
  heapUsed: 3307432,
  external: 1487477,
  arrayBuffers: 10475
}
{
  rss: 41734144,
  heapTotal: 4694016,
  heapUsed: 3315328,
  external: 1487477,
  arrayBuffers: 10475
}
{
  rss: 41734144,
  heapTotal: 4694016,
  heapUsed: 3323224,
  external: 1487477,
  arrayBuffers: 10475
}
{
  rss: 41734144,
  heapTotal: 4694016,
  heapUsed: 3331120,
  external: 1487477,
  arrayBuffers: 10475
}
{
  rss: 41734144,
  heapTotal: 4694016,
  heapUsed: 3339016,
  external: 1487477,
  arrayBuffers: 10475
}
{
  rss: 41734144,
  heapTotal: 4694016,
  heapUsed: 3346912,
  external: 1487477,
  arrayBuffers: 10475
}
{
  rss: 41734144,
  heapTotal: 4694016,
  heapUsed: 3354808,
  external: 1487477,
  arrayBuffers: 10475
}
{
  rss: 41734144,
  heapTotal: 4694016,
  heapUsed: 3362704,
  external: 1487477,
  arrayBuffers: 10475
}
{
  rss: 41734144,
  heapTotal: 4694016,
  heapUsed: 3370600,
  external: 1487477,
  arrayBuffers: 10475
}
{
  rss: 41734144,
  heapTotal: 4694016,
  heapUsed: 3378496,
  external: 1487477,
  arrayBuffers: 10475
}
{
  rss: 41734144,
  heapTotal: 4694016,
  heapUsed: 3386392,
  external: 1487477,
  arrayBuffers: 10475
}
{
  rss: 41734144,
  heapTotal: 4694016,
  heapUsed: 3394288,
  external: 1487477,
  arrayBuffers: 10475
}
{
  rss: 41734144,
  heapTotal: 4694016,
  heapUsed: 3402184,
  external: 1487477,
  arrayBuffers: 10475
}
{
  rss: 41734144,
  heapTotal: 4694016,
  heapUsed: 3410080,
  external: 1487477,
  arrayBuffers: 10475
}
{
  rss: 41734144,
  heapTotal: 4694016,
  heapUsed: 3417976,
  external: 1487477,
  arrayBuffers: 10475
}
{
  rss: 41734144,
  heapTotal: 4694016,
  heapUsed: 3425872,
  external: 1487477,
  arrayBuffers: 10475
}
{
  rss: 41734144,
  heapTotal: 4694016,
  heapUsed: 3433768,
  external: 1487477,
  arrayBuffers: 10475
}
{
  rss: 41734144,
  heapTotal: 4694016,
  heapUsed: 3441664,
  external: 1487477,
  arrayBuffers: 10475
}
{
  rss: 41734144,
  heapTotal: 4694016,
  heapUsed: 3449560,
  external: 1487477,
  arrayBuffers: 10475
}
{
  rss: 41734144,
  heapTotal: 4694016,
  heapUsed: 3457456,
  external: 1487477,
  arrayBuffers: 10475
}
{
  rss: 41734144,
  heapTotal: 4694016,
  heapUsed: 3465352,
  external: 1487477,
  arrayBuffers: 10475
}
{
  rss: 41734144,
  heapTotal: 4694016,
  heapUsed: 3473248,
  external: 1487477,
  arrayBuffers: 10475
}
{
  rss: 41734144,
  heapTotal: 4694016,
  heapUsed: 3481144,
  external: 1487477,
  arrayBuffers: 10475
}
{
  rss: 41734144,
  heapTotal: 4694016,
  heapUsed: 3489040,
  external: 1487477,
  arrayBuffers: 10475
}
{
  rss: 41734144,
  heapTotal: 4694016,
  heapUsed: 3496944,
  external: 1487477,
  arrayBuffers: 10475
}
{
  rss: 42000384,
  heapTotal: 4694016,
  heapUsed: 3504840,
  external: 1487477,
  arrayBuffers: 10475
}
{
  rss: 42000384,
  heapTotal: 4694016,
  heapUsed: 3512784,
  external: 1487477,
  arrayBuffers: 10475
}
{
  rss: 42000384,
  heapTotal: 4694016,
  heapUsed: 3520728,
  external: 1487477,
  arrayBuffers: 10475
}
{
  rss: 42000384,
  heapTotal: 4694016,
  heapUsed: 3528672,
  external: 1487477,
  arrayBuffers: 10475
}
{
  rss: 42000384,
  heapTotal: 4694016,
  heapUsed: 3536616,
  external: 1487477,
  arrayBuffers: 10475
}
{
  rss: 42000384,
  heapTotal: 4694016,
  heapUsed: 3544560,
  external: 1487477,
  arrayBuffers: 10475
}
{
  rss: 42000384,
  heapTotal: 4694016,
  heapUsed: 3552504,
  external: 1487477,
  arrayBuffers: 10475
}
{
  rss: 42000384,
  heapTotal: 4694016,
  heapUsed: 3560448,
  external: 1487477,
  arrayBuffers: 10475
}
{
  rss: 42000384,
  heapTotal: 4694016,
  heapUsed: 3568392,
  external: 1487477,
  arrayBuffers: 10475
}
{
  rss: 42000384,
  heapTotal: 4694016,
  heapUsed: 3576336,
  external: 1487477,
  arrayBuffers: 10475
}
{
  rss: 42000384,
  heapTotal: 4694016,
  heapUsed: 3584280,
  external: 1487477,
  arrayBuffers: 10475
}
{
  rss: 42000384,
  heapTotal: 4694016,
  heapUsed: 3592224,
  external: 1487477,
  arrayBuffers: 10475
}
{
  rss: 42000384,
  heapTotal: 4694016,
  heapUsed: 3600168,
  external: 1487477,
  arrayBuffers: 10475
}
{
  rss: 42000384,
  heapTotal: 4694016,
  heapUsed: 3608112,
  external: 1487477,
  arrayBuffers: 10475
}
{
  rss: 42000384,
  heapTotal: 4694016,
  heapUsed: 3616056,
  external: 1487477,
  arrayBuffers: 10475
}
{
  rss: 42000384,
  heapTotal: 4694016,
  heapUsed: 3624000,
  external: 1487477,
  arrayBuffers: 10475
}
{
  rss: 42000384,
  heapTotal: 4694016,
  heapUsed: 3631944,
  external: 1487477,
  arrayBuffers: 10475
}
{
  rss: 42000384,
  heapTotal: 4694016,
  heapUsed: 3639888,
  external: 1487477,
  arrayBuffers: 10475
}
{
  rss: 42000384,
  heapTotal: 4694016,
  heapUsed: 3647832,
  external: 1487477,
  arrayBuffers: 10475
}
{
  rss: 42000384,
  heapTotal: 4694016,
  heapUsed: 3655776,
  external: 1487477,
  arrayBuffers: 10475
}
{
  rss: 42000384,
  heapTotal: 4694016,
  heapUsed: 3663720,
  external: 1487477,
  arrayBuffers: 10475
}
{
  rss: 42000384,
  heapTotal: 4694016,
  heapUsed: 3671664,
  external: 1487477,
  arrayBuffers: 10475
}
{
  rss: 42000384,
  heapTotal: 4694016,
  heapUsed: 3679608,
  external: 1487477,
  arrayBuffers: 10475
}
{
  rss: 42000384,
  heapTotal: 4694016,
  heapUsed: 3687552,
  external: 1487477,
  arrayBuffers: 10475
}
{
  rss: 42000384,
  heapTotal: 4694016,
  heapUsed: 3695496,
  external: 1487477,
  arrayBuffers: 10475
}
{
  rss: 42000384,
  heapTotal: 4694016,
  heapUsed: 3703440,
  external: 1487477,
  arrayBuffers: 10475
}
{
  rss: 42000384,
  heapTotal: 4694016,
  heapUsed: 3711384,
  external: 1487477,
  arrayBuffers: 10475
}
{
  rss: 42000384,
  heapTotal: 4694016,
  heapUsed: 3719328,
  external: 1487477,
  arrayBuffers: 10475
}
{
  rss: 42000384,
  heapTotal: 4694016,
  heapUsed: 3727272,
  external: 1487477,
  arrayBuffers: 10475
}
{
  rss: 42000384,
  heapTotal: 4694016,
  heapUsed: 3735216,
  external: 1487477,
  arrayBuffers: 10475
}
{
  rss: 42000384,
  heapTotal: 4694016,
  heapUsed: 3743160,
  external: 1487477,
  arrayBuffers: 10475
}
{
  rss: 42000384,
  heapTotal: 4694016,
  heapUsed: 3751112,
  external: 1487477,
  arrayBuffers: 10475
}
{
  rss: 42000384,
  heapTotal: 4694016,
  heapUsed: 3759056,
  external: 1487477,
  arrayBuffers: 10475
}
{
  rss: 42000384,
  heapTotal: 4694016,
  heapUsed: 3767000,
  external: 1487477,
  arrayBuffers: 10475
}
{
  rss: 42270720,
  heapTotal: 4694016,
  heapUsed: 3774944,
  external: 1487477,
  arrayBuffers: 10475
}
{
  rss: 42270720,
  heapTotal: 4694016,
  heapUsed: 3782864,
  external: 1487477,
  arrayBuffers: 10475
}
{
  rss: 42270720,
  heapTotal: 4694016,
  heapUsed: 3790760,
  external: 1487477,
  arrayBuffers: 10475
}
{
  rss: 42270720,
  heapTotal: 4694016,
  heapUsed: 3798656,
  external: 1487477,
  arrayBuffers: 10475
}
{
  rss: 42270720,
  heapTotal: 4694016,
  heapUsed: 3806552,
  external: 1487477,
  arrayBuffers: 10475
}
{
  rss: 42270720,
  heapTotal: 4694016,
  heapUsed: 3814448,
  external: 1487477,
  arrayBuffers: 10475
}
{
  rss: 42270720,
  heapTotal: 4694016,
  heapUsed: 3822344,
  external: 1487477,
  arrayBuffers: 10475
}
{
  rss: 42270720,
  heapTotal: 4694016,
  heapUsed: 3830240,
  external: 1487477,
  arrayBuffers: 10475
}
{
  rss: 42270720,
  heapTotal: 4694016,
  heapUsed: 3838136,
  external: 1487477,
  arrayBuffers: 10475
}
{
  rss: 42270720,
  heapTotal: 4694016,
  heapUsed: 3846032,
  external: 1487477,
  arrayBuffers: 10475
}
{
  rss: 42270720,
  heapTotal: 4694016,
  heapUsed: 3853928,
  external: 1487477,
  arrayBuffers: 10475
}
{
  rss: 42270720,
  heapTotal: 4694016,
  heapUsed: 3861824,
  external: 1487477,
  arrayBuffers: 10475
}
{
  rss: 42270720,
  heapTotal: 4694016,
  heapUsed: 3869720,
  external: 1487477,
  arrayBuffers: 10475
}
{
  rss: 42270720,
  heapTotal: 4694016,
  heapUsed: 3877616,
  external: 1487477,
  arrayBuffers: 10475
}
{
  rss: 42270720,
  heapTotal: 4694016,
  heapUsed: 3885512,
  external: 1487477,
  arrayBuffers: 10475
}
{
  rss: 42270720,
  heapTotal: 4694016,
  heapUsed: 3893408,
  external: 1487477,
  arrayBuffers: 10475
}
{
  rss: 42270720,
  heapTotal: 4694016,
  heapUsed: 3901304,
  external: 1487477,
  arrayBuffers: 10475
}
{
  rss: 42270720,
  heapTotal: 4694016,
  heapUsed: 3909200,
  external: 1487477,
  arrayBuffers: 10475
}
{
  rss: 42270720,
  heapTotal: 4694016,
  heapUsed: 3917096,
  external: 1487477,
  arrayBuffers: 10475
}
{
  rss: 42270720,
  heapTotal: 4694016,
  heapUsed: 3924992,
  external: 1487477,
  arrayBuffers: 10475
}
{
  rss: 42270720,
  heapTotal: 4694016,
  heapUsed: 3932888,
  external: 1487477,
  arrayBuffers: 10475
}
{
  rss: 42270720,
  heapTotal: 4694016,
  heapUsed: 3940784,
  external: 1487477,
  arrayBuffers: 10475
}
{
  rss: 42270720,
  heapTotal: 4694016,
  heapUsed: 3948680,
  external: 1487477,
  arrayBuffers: 10475
}
{
  rss: 42270720,
  heapTotal: 4694016,
  heapUsed: 3956576,
  external: 1487477,
  arrayBuffers: 10475
}
{
  rss: 42270720,
  heapTotal: 4694016,
  heapUsed: 3964472,
  external: 1487477,
  arrayBuffers: 10475
}
{
  rss: 42270720,
  heapTotal: 4694016,
  heapUsed: 3972368,
  external: 1487477,
  arrayBuffers: 10475
}
{
  rss: 42270720,
  heapTotal: 4694016,
  heapUsed: 3980264,
  external: 1487477,
  arrayBuffers: 10475
}
{
  rss: 42270720,
  heapTotal: 4694016,
  heapUsed: 3988160,
  external: 1487477,
  arrayBuffers: 10475
}
{
  rss: 42270720,
  heapTotal: 4694016,
  heapUsed: 3996056,
  external: 1487477,
  arrayBuffers: 10475
}
{
  rss: 42270720,
  heapTotal: 4694016,
  heapUsed: 4003952,
  external: 1487477,
  arrayBuffers: 10475
}
{
  rss: 42270720,
  heapTotal: 4694016,
  heapUsed: 4011856,
  external: 1487477,
  arrayBuffers: 10475
}
{
  rss: 42270720,
  heapTotal: 4694016,
  heapUsed: 4019752,
  external: 1487477,
  arrayBuffers: 10475
}
{
  rss: 42270720,
  heapTotal: 4694016,
  heapUsed: 4027648,
  external: 1487477,
  arrayBuffers: 10475
}
{
  rss: 42270720,
  heapTotal: 4694016,
  heapUsed: 4035544,
  external: 1487477,
  arrayBuffers: 10475
}
{
  rss: 42270720,
  heapTotal: 4694016,
  heapUsed: 4043440,
  external: 1487477,
  arrayBuffers: 10475
}
{
  rss: 42541056,
  heapTotal: 4694016,
  heapUsed: 4051336,
  external: 1487477,
  arrayBuffers: 10475
}
{
  rss: 42541056,
  heapTotal: 4694016,
  heapUsed: 4059280,
  external: 1487477,
  arrayBuffers: 10475
}
{
  rss: 42541056,
  heapTotal: 4694016,
  heapUsed: 4067224,
  external: 1487477,
  arrayBuffers: 10475
}
{
  rss: 41742336,
  heapTotal: 4694016,
  heapUsed: 3238408,
  external: 1487477,
  arrayBuffers: 10475
}
{
  rss: 41742336,
  heapTotal: 4694016,
  heapUsed: 3246328,
  external: 1487477,
  arrayBuffers: 10475
}
{
  rss: 41742336,
  heapTotal: 4694016,
  heapUsed: 3254224,
  external: 1487477,
  arrayBuffers: 10475
}
{
  rss: 41742336,
  heapTotal: 4694016,
  heapUsed: 3262120,
  external: 1487477,
  arrayBuffers: 10475
}
{
  rss: 41742336,
  heapTotal: 4694016,
  heapUsed: 3270016,
  external: 1487477,
  arrayBuffers: 10475
}
{
  rss: 41742336,
  heapTotal: 4694016,
  heapUsed: 3277912,
  external: 1487477,
  arrayBuffers: 10475
}
{
  rss: 41742336,
  heapTotal: 4694016,
  heapUsed: 3285808,
  external: 1487477,
  arrayBuffers: 10475
}
{
  rss: 41742336,
  heapTotal: 4694016,
  heapUsed: 3293704,
  external: 1487477,
  arrayBuffers: 10475
}
{
  rss: 41742336,
  heapTotal: 4694016,
  heapUsed: 3301600,
  external: 1487477,
  arrayBuffers: 10475
}
{
  rss: 41742336,
  heapTotal: 4694016,
  heapUsed: 3309496,
  external: 1487477,
  arrayBuffers: 10475
}
{
  rss: 41742336,
  heapTotal: 4694016,
  heapUsed: 3317392,
  external: 1487477,
  arrayBuffers: 10475
}
{
  rss: 41742336,
  heapTotal: 4694016,
  heapUsed: 3325288,
  external: 1487477,
  arrayBuffers: 10475
}
{
  rss: 41742336,
  heapTotal: 4694016,
  heapUsed: 3333184,
  external: 1487477,
  arrayBuffers: 10475
}
{
  rss: 41742336,
  heapTotal: 4694016,
  heapUsed: 3341080,
  external: 1487477,
  arrayBuffers: 10475
}
{
  rss: 41742336,
  heapTotal: 4694016,
  heapUsed: 3348976,
  external: 1487477,
  arrayBuffers: 10475
}
{
  rss: 41742336,
  heapTotal: 4694016,
  heapUsed: 3356872,
  external: 1487477,
  arrayBuffers: 10475
}
{
  rss: 41742336,
  heapTotal: 4694016,
  heapUsed: 3364768,
  external: 1487477,
  arrayBuffers: 10475
}
{
  rss: 41742336,
  heapTotal: 4694016,
  heapUsed: 3372664,
  external: 1487477,
  arrayBuffers: 10475
}
{
  rss: 41742336,
  heapTotal: 4694016,
  heapUsed: 3380560,
  external: 1487477,
  arrayBuffers: 10475
}
{
  rss: 41742336,
  heapTotal: 4694016,
  heapUsed: 3388456,
  external: 1487477,
  arrayBuffers: 10475
}
{
  rss: 41742336,
  heapTotal: 4694016,
  heapUsed: 3396352,
  external: 1487477,
  arrayBuffers: 10475
}
{
  rss: 41742336,
  heapTotal: 4694016,
  heapUsed: 3404248,
  external: 1487477,
  arrayBuffers: 10475
}
{
  rss: 41742336,
  heapTotal: 4694016,
  heapUsed: 3412144,
  external: 1487477,
  arrayBuffers: 10475
}
{
  rss: 41742336,
  heapTotal: 4694016,
  heapUsed: 3420040,
  external: 1487477,
  arrayBuffers: 10475
}
{
  rss: 41742336,
  heapTotal: 4694016,
  heapUsed: 3427936,
  external: 1487477,
  arrayBuffers: 10475
}
{
  rss: 41742336,
  heapTotal: 4694016,
  heapUsed: 3435832,
  external: 1487477,
  arrayBuffers: 10475
}
{
  rss: 41742336,
  heapTotal: 4694016,
  heapUsed: 3443728,
  external: 1487477,
  arrayBuffers: 10475
}
{
  rss: 41742336,
  heapTotal: 4694016,
  heapUsed: 3451624,
  external: 1487477,
  arrayBuffers: 10475
}
{
  rss: 41742336,
  heapTotal: 4694016,
  heapUsed: 3459520,
  external: 1487477,
  arrayBuffers: 10475
}
{
  rss: 41742336,
  heapTotal: 4694016,
  heapUsed: 3467416,
  external: 1487477,
  arrayBuffers: 10475
}
{
  rss: 41742336,
  heapTotal: 4694016,
  heapUsed: 3475312,
  external: 1487477,
  arrayBuffers: 10475
}
{
  rss: 41742336,
  heapTotal: 4694016,
  heapUsed: 3483208,
  external: 1487477,
  arrayBuffers: 10475
}
{
  rss: 41742336,
  heapTotal: 4694016,
  heapUsed: 3491104,
  external: 1487477,
  arrayBuffers: 10475
}
{
  rss: 41742336,
  heapTotal: 4694016,
  heapUsed: 3499120,
  external: 1487477,
  arrayBuffers: 10475
}
{
  rss: 41742336,
  heapTotal: 4694016,
  heapUsed: 3507016,
  external: 1487477,
  arrayBuffers: 10475
}
{
  rss: 42008576,
  heapTotal: 4694016,
  heapUsed: 3514912,
  external: 1487477,
  arrayBuffers: 10475
}
{
  rss: 42008576,
  heapTotal: 4694016,
  heapUsed: 3522832,
  external: 1487477,
  arrayBuffers: 10475
}
{
  rss: 42008576,
  heapTotal: 4694016,
  heapUsed: 3530728,
  external: 1487477,
  arrayBuffers: 10475
}
{
  rss: 42008576,
  heapTotal: 4694016,
  heapUsed: 3538624,
  external: 1487477,
  arrayBuffers: 10475
}
{
  rss: 42008576,
  heapTotal: 4694016,
  heapUsed: 3546520,
  external: 1487477,
  arrayBuffers: 10475
}
{
  rss: 42008576,
  heapTotal: 4694016,
  heapUsed: 3554416,
  external: 1487477,
  arrayBuffers: 10475
}
{
  rss: 42008576,
  heapTotal: 4694016,
  heapUsed: 3562312,
  external: 1487477,
  arrayBuffers: 10475
}
{
  rss: 42008576,
  heapTotal: 4694016,
  heapUsed: 3570208,
  external: 1487477,
  arrayBuffers: 10475
}
{
  rss: 42008576,
  heapTotal: 4694016,
  heapUsed: 3578104,
  external: 1487477,
  arrayBuffers: 10475
}
{
  rss: 42008576,
  heapTotal: 4694016,
  heapUsed: 3586000,
  external: 1487477,
  arrayBuffers: 10475
}
{
  rss: 42008576,
  heapTotal: 4694016,
  heapUsed: 3593896,
  external: 1487477,
  arrayBuffers: 10475
}
{
  rss: 42008576,
  heapTotal: 4694016,
  heapUsed: 3601792,
  external: 1487477,
  arrayBuffers: 10475
}
{
  rss: 42008576,
  heapTotal: 4694016,
  heapUsed: 3609688,
  external: 1487477,
  arrayBuffers: 10475
}
{
  rss: 42008576,
  heapTotal: 4694016,
  heapUsed: 3617584,
  external: 1487477,
  arrayBuffers: 10475
}
{
  rss: 42008576,
  heapTotal: 4694016,
  heapUsed: 3625480,
  external: 1487477,
  arrayBuffers: 10475
}
{
  rss: 42008576,
  heapTotal: 4694016,
  heapUsed: 3633376,
  external: 1487477,
  arrayBuffers: 10475
}
{
  rss: 42008576,
  heapTotal: 4694016,
  heapUsed: 3641272,
  external: 1487477,
  arrayBuffers: 10475
}
{
  rss: 42008576,
  heapTotal: 4694016,
  heapUsed: 3649168,
  external: 1487477,
  arrayBuffers: 10475
}
{
  rss: 42008576,
  heapTotal: 4694016,
  heapUsed: 3657064,
  external: 1487477,
  arrayBuffers: 10475
}
{
  rss: 42008576,
  heapTotal: 4694016,
  heapUsed: 3664960,
  external: 1487477,
  arrayBuffers: 10475
}
{
  rss: 42008576,
  heapTotal: 4694016,
  heapUsed: 3672856,
  external: 1487477,
  arrayBuffers: 10475
}
{
  rss: 42008576,
  heapTotal: 4694016,
  heapUsed: 3680752,
  external: 1487477,
  arrayBuffers: 10475
}
{
  rss: 42008576,
  heapTotal: 4694016,
  heapUsed: 3688648,
  external: 1487477,
  arrayBuffers: 10475
}
{
  rss: 42008576,
  heapTotal: 4694016,
  heapUsed: 3696544,
  external: 1487477,
  arrayBuffers: 10475
}
{
  rss: 42008576,
  heapTotal: 4694016,
  heapUsed: 3704440,
  external: 1487477,
  arrayBuffers: 10475
}
{
  rss: 42008576,
  heapTotal: 4694016,
  heapUsed: 3712336,
  external: 1487477,
  arrayBuffers: 10475
}
{
  rss: 42008576,
  heapTotal: 4694016,
  heapUsed: 3720232,
  external: 1487477,
  arrayBuffers: 10475
}
{
  rss: 42008576,
  heapTotal: 4694016,
  heapUsed: 3728128,
  external: 1487477,
  arrayBuffers: 10475
}
{
  rss: 42008576,
  heapTotal: 4694016,
  heapUsed: 3736024,
  external: 1487477,
  arrayBuffers: 10475
}
{
  rss: 42008576,
  heapTotal: 4694016,
  heapUsed: 3743920,
  external: 1487477,
  arrayBuffers: 10475
}
{
  rss: 42008576,
  heapTotal: 4694016,
  heapUsed: 3751824,
  external: 1487477,
  arrayBuffers: 10475
}
{
  rss: 42008576,
  heapTotal: 4694016,
  heapUsed: 3759720,
  external: 1487477,
  arrayBuffers: 10475
}
{
  rss: 42008576,
  heapTotal: 4694016,
  heapUsed: 3767616,
  external: 1487477,
  arrayBuffers: 10475
}
{
  rss: 42008576,
  heapTotal: 4694016,
  heapUsed: 3775512,
  external: 1487477,
  arrayBuffers: 10475
}
{
  rss: 42278912,
  heapTotal: 4694016,
  heapUsed: 3783408,
  external: 1487477,
  arrayBuffers: 10475
}
{
  rss: 42278912,
  heapTotal: 4694016,
  heapUsed: 3791352,
  external: 1487477,
  arrayBuffers: 10475
}
{
  rss: 42278912,
  heapTotal: 4694016,
  heapUsed: 3799296,
  external: 1487477,
  arrayBuffers: 10475
}
{
  rss: 42278912,
  heapTotal: 4694016,
  heapUsed: 3807240,
  external: 1487477,
  arrayBuffers: 10475
}
{
  rss: 42278912,
  heapTotal: 4694016,
  heapUsed: 3815184,
  external: 1487477,
  arrayBuffers: 10475
}
{
  rss: 42278912,
  heapTotal: 4694016,
  heapUsed: 3823128,
  external: 1487477,
  arrayBuffers: 10475
}
{
  rss: 42278912,
  heapTotal: 4694016,
  heapUsed: 3831072,
  external: 1487477,
  arrayBuffers: 10475
}
{
  rss: 42278912,
  heapTotal: 4694016,
  heapUsed: 3839016,
  external: 1487477,
  arrayBuffers: 10475
}
{
  rss: 42278912,
  heapTotal: 4694016,
  heapUsed: 3846960,
  external: 1487477,
  arrayBuffers: 10475
}
{
  rss: 42278912,
  heapTotal: 4694016,
  heapUsed: 3854904,
  external: 1487477,
  arrayBuffers: 10475
}
{
  rss: 42278912,
  heapTotal: 4694016,
  heapUsed: 3862848,
  external: 1487477,
  arrayBuffers: 10475
}
{
  rss: 42278912,
  heapTotal: 4694016,
  heapUsed: 3870792,
  external: 1487477,
  arrayBuffers: 10475
}
{
  rss: 42278912,
  heapTotal: 4694016,
  heapUsed: 3878736,
  external: 1487477,
  arrayBuffers: 10475
}
{
  rss: 42278912,
  heapTotal: 4694016,
  heapUsed: 3886680,
  external: 1487477,
  arrayBuffers: 10475
}
{
  rss: 42278912,
  heapTotal: 4694016,
  heapUsed: 3894624,
  external: 1487477,
  arrayBuffers: 10475
}
{
  rss: 42278912,
  heapTotal: 4694016,
  heapUsed: 3902568,
  external: 1487477,
  arrayBuffers: 10475
}
{
  rss: 42278912,
  heapTotal: 4694016,
  heapUsed: 3910512,
  external: 1487477,
  arrayBuffers: 10475
}
{
  rss: 42278912,
  heapTotal: 4694016,
  heapUsed: 3918456,
  external: 1487477,
  arrayBuffers: 10475
}
{
  rss: 42278912,
  heapTotal: 4694016,
  heapUsed: 3926400,
  external: 1487477,
  arrayBuffers: 10475
}
{
  rss: 42278912,
  heapTotal: 4694016,
  heapUsed: 3934344,
  external: 1487477,
  arrayBuffers: 10475
}
{
  rss: 42278912,
  heapTotal: 4694016,
  heapUsed: 3942288,
  external: 1487477,
  arrayBuffers: 10475
}
{
  rss: 42278912,
  heapTotal: 4694016,
  heapUsed: 3950232,
  external: 1487477,
  arrayBuffers: 10475
}
{
  rss: 42278912,
  heapTotal: 4694016,
  heapUsed: 3958176,
  external: 1487477,
  arrayBuffers: 10475
}
{
  rss: 42278912,
  heapTotal: 4694016,
  heapUsed: 3966120,
  external: 1487477,
  arrayBuffers: 10475
}
{
  rss: 42278912,
  heapTotal: 4694016,
  heapUsed: 3974064,
  external: 1487477,
  arrayBuffers: 10475
}
{
  rss: 42278912,
  heapTotal: 4694016,
  heapUsed: 3982008,
  external: 1487477,
  arrayBuffers: 10475
}
{
  rss: 42278912,
  heapTotal: 4694016,
  heapUsed: 3989952,
  external: 1487477,
  arrayBuffers: 10475
}
{
  rss: 42278912,
  heapTotal: 4694016,
  heapUsed: 3997896,
  external: 1487477,
  arrayBuffers: 10475
}
{
  rss: 42278912,
  heapTotal: 4694016,
  heapUsed: 4005840,
  external: 1487477,
  arrayBuffers: 10475
}
{
  rss: 42278912,
  heapTotal: 4694016,
  heapUsed: 4013792,
  external: 1487477,
  arrayBuffers: 10475
}
{
  rss: 42278912,
  heapTotal: 4694016,
  heapUsed: 4021736,
  external: 1487477,
  arrayBuffers: 10475
}
{
  rss: 42278912,
  heapTotal: 4694016,
  heapUsed: 4029680,
  external: 1487477,
  arrayBuffers: 10475
}
{
  rss: 42278912,
  heapTotal: 4694016,
  heapUsed: 4037624,
  external: 1487477,
  arrayBuffers: 10475
}
command terminated with exit code 137
